Archive member included to satisfy reference by file (symbol)

lib/bootloader.a(cymetadata.o)
                              (cy_metadata)
lib/bootloader.a(Cm3Start.o)  (Reset)
lib/bootloader.a(Bootloader.o)
                              lib/bootloader.a(Cm3Start.o) (CyBtldr_CheckLaunch)
lib/bootloader.a(cyfitter_cfg.o)
                              lib/bootloader.a(Cm3Start.o) (cyfitter_cfg)
lib/bootloader.a(CyLib.o)     lib/bootloader.a(Cm3Start.o) (CyHalt)
lib/bootloader.a(CyFlash.o)   lib/bootloader.a(Bootloader.o) (CySetTemp)
lib/bootloader.a(cyPm.o)      lib/bootloader.a(CyLib.o) (CyPmReadStatus)
lib/bootloader.a(CySpc.o)     lib/bootloader.a(CyFlash.o) (CySpcStart)
lib/bootloader.a(USBFS_boot.o)
                              lib/bootloader.a(Bootloader.o) (USBFS_CyBtldrCommStart)
lib/bootloader.a(USBFS.o)     lib/bootloader.a(USBFS_boot.o) (USBFS_Start)
lib/bootloader.a(USBFS_Dp.o)  lib/bootloader.a(USBFS.o) (USBFS_Dp_ClearInterrupt)
lib/bootloader.a(USBFS_hid.o)
                              lib/bootloader.a(USBFS.o) (USBFS_hidProtocol)
lib/bootloader.a(CyBootAsmGnu.o)
                              lib/bootloader.a(CyLib.o) (CyDelayCycles)
lib/bootloader.a(USBFS_pm.o)  lib/bootloader.a(USBFS.o) (USBFS_DP_ISR)
lib/bootloader.a(USBFS_drv.o)
                              lib/bootloader.a(USBFS.o) (USBFS_lastPacketSize)
lib/bootloader.a(USBFS_episr.o)
                              lib/bootloader.a(USBFS.o) (USBFS_EP_1_ISR)
lib/bootloader.a(USBFS_cls.o)
                              lib/bootloader.a(USBFS_drv.o) (USBFS_DispatchClassRqst)
lib/bootloader.a(USBFS_std.o)
                              lib/bootloader.a(USBFS_pm.o) (USBFS_ConfigReg)
lib/bootloader.a(USBFS_vnd.o)
                              lib/bootloader.a(USBFS_drv.o) (USBFS_HandleVendorRqst)
lib/bootloader.a(USBFS_descr.o)
                              lib/bootloader.a(USBFS_vnd.o) (USBFS_MSOS_CONFIGURATION_DESCR)
/usr/lib/gcc/arm-psoc-eabi/5.5.0/../../../../arm-psoc-eabi/lib/thumb/libg_nano.a(lib_a-atexit.o)
                              /usr/lib/gcc/arm-psoc-eabi/5.5.0/../../../../arm-psoc-eabi/lib/thumb/crt0.o (atexit)
/usr/lib/gcc/arm-psoc-eabi/5.5.0/../../../../arm-psoc-eabi/lib/thumb/libg_nano.a(lib_a-errno.o)
                              lib/bootloader.a(Cm3Start.o) (__errno)
/usr/lib/gcc/arm-psoc-eabi/5.5.0/../../../../arm-psoc-eabi/lib/thumb/libg_nano.a(lib_a-exit.o)
                              /usr/lib/gcc/arm-psoc-eabi/5.5.0/../../../../arm-psoc-eabi/lib/thumb/crt0.o (exit)
/usr/lib/gcc/arm-psoc-eabi/5.5.0/../../../../arm-psoc-eabi/lib/thumb/libg_nano.a(lib_a-fini.o)
                              /usr/lib/gcc/arm-psoc-eabi/5.5.0/../../../../arm-psoc-eabi/lib/thumb/crt0.o (__libc_fini_array)
/usr/lib/gcc/arm-psoc-eabi/5.5.0/../../../../arm-psoc-eabi/lib/thumb/libg_nano.a(lib_a-impure.o)
                              /usr/lib/gcc/arm-psoc-eabi/5.5.0/../../../../arm-psoc-eabi/lib/thumb/libg_nano.a(lib_a-exit.o) (_global_impure_ptr)
/usr/lib/gcc/arm-psoc-eabi/5.5.0/../../../../arm-psoc-eabi/lib/thumb/libg_nano.a(lib_a-init.o)
                              /usr/lib/gcc/arm-psoc-eabi/5.5.0/../../../../arm-psoc-eabi/lib/thumb/crt0.o (__libc_init_array)
/usr/lib/gcc/arm-psoc-eabi/5.5.0/../../../../arm-psoc-eabi/lib/thumb/libg_nano.a(lib_a-memcpy-stub.o)
                              lib/bootloader.a(Bootloader.o) (memcpy)
/usr/lib/gcc/arm-psoc-eabi/5.5.0/../../../../arm-psoc-eabi/lib/thumb/libg_nano.a(lib_a-memset.o)
                              /usr/lib/gcc/arm-psoc-eabi/5.5.0/../../../../arm-psoc-eabi/lib/thumb/crt0.o (memset)
/usr/lib/gcc/arm-psoc-eabi/5.5.0/../../../../arm-psoc-eabi/lib/thumb/libg_nano.a(lib_a-__atexit.o)
                              /usr/lib/gcc/arm-psoc-eabi/5.5.0/../../../../arm-psoc-eabi/lib/thumb/libg_nano.a(lib_a-atexit.o) (__register_exitproc)
/usr/lib/gcc/arm-psoc-eabi/5.5.0/../../../../arm-psoc-eabi/lib/thumb/libg_nano.a(lib_a-__call_atexit.o)
                              /usr/lib/gcc/arm-psoc-eabi/5.5.0/../../../../arm-psoc-eabi/lib/thumb/libg_nano.a(lib_a-__atexit.o) (__call_exitprocs)

Allocating common symbols
Common symbol       size              file

USBFS_deviceAddress
                    0x1               lib/bootloader.a(USBFS_drv.o)
USBFS_ep0Mode       0x1               lib/bootloader.a(USBFS_drv.o)
USBFS_interfaceSetting
                    0x1               lib/bootloader.a(USBFS_drv.o)
USBFS_DEVICE0_CONFIGURATION0_INTERFACE0_ALTERNATE0_HID_IN_RPT_SCB
                    0x4               lib/bootloader.a(USBFS_descr.o)
USBFS_hidIdleRate   0x1               lib/bootloader.a(USBFS_hid.o)
USBFS_currentTD     0xc               lib/bootloader.a(USBFS_drv.o)
USBFS_device        0x1               lib/bootloader.a(USBFS_drv.o)
USBFS_interfaceNumber
                    0x1               lib/bootloader.a(USBFS_drv.o)
USBFS_ep0Toggle     0x1               lib/bootloader.a(USBFS_drv.o)
USBFS_deviceStatus  0x1               lib/bootloader.a(USBFS_drv.o)
USBFS_DEVICE0_CONFIGURATION0_INTERFACE0_ALTERNATE0_HID_IN_BUF
                    0x41              lib/bootloader.a(USBFS_descr.o)
USBFS_configurationChanged
                    0x1               lib/bootloader.a(USBFS_drv.o)
USBFS_configuration
                    0x1               lib/bootloader.a(USBFS_drv.o)
USBFS_transferState
                    0x1               lib/bootloader.a(USBFS_drv.o)
USBFS_interfaceStatus
                    0x1               lib/bootloader.a(USBFS_drv.o)
USBFS_interfaceClass
                    0x4               lib/bootloader.a(USBFS_drv.o)
USBFS_EP            0x6c              lib/bootloader.a(USBFS_drv.o)
USBFS_DEVICE0_CONFIGURATION0_INTERFACE0_ALTERNATE0_HID_OUT_BUF
                    0x41              lib/bootloader.a(USBFS_descr.o)
USBFS_hidIdleTimer  0x1               lib/bootloader.a(USBFS_hid.o)
USBFS_lastPacketSize
                    0x1               lib/bootloader.a(USBFS_drv.o)
USBFS_hidProtocol   0x1               lib/bootloader.a(USBFS_hid.o)
USBFS_DEVICE0_CONFIGURATION0_INTERFACE0_ALTERNATE0_HID_OUT_RPT_SCB
                    0x4               lib/bootloader.a(USBFS_descr.o)
dieTemperature      0x2               lib/bootloader.a(CyFlash.o)
USBFS_ep0Count      0x1               lib/bootloader.a(USBFS_drv.o)
USBFS_interfaceSettingLast
                    0x1               lib/bootloader.a(USBFS_drv.o)
USBFS_transferByteCount
                    0x2               lib/bootloader.a(USBFS_drv.o)

Discarded input sections

 .text          0x0000000000000000        0x0 /usr/lib/gcc/arm-psoc-eabi/5.5.0/thumb/crti.o
 .data          0x0000000000000000        0x0 /usr/lib/gcc/arm-psoc-eabi/5.5.0/thumb/crti.o
 .bss           0x0000000000000000        0x0 /usr/lib/gcc/arm-psoc-eabi/5.5.0/thumb/crti.o
 .data          0x0000000000000000        0x4 /usr/lib/gcc/arm-psoc-eabi/5.5.0/thumb/crtbegin.o
 .text          0x0000000000000000       0x68 /usr/lib/gcc/arm-psoc-eabi/5.5.0/../../../../arm-psoc-eabi/lib/thumb/crt0.o
 .data          0x0000000000000000        0x0 /usr/lib/gcc/arm-psoc-eabi/5.5.0/../../../../arm-psoc-eabi/lib/thumb/crt0.o
 .bss           0x0000000000000000        0x0 /usr/lib/gcc/arm-psoc-eabi/5.5.0/../../../../arm-psoc-eabi/lib/thumb/crt0.o
 .ARM.extab     0x0000000000000000        0x0 /usr/lib/gcc/arm-psoc-eabi/5.5.0/../../../../arm-psoc-eabi/lib/thumb/crt0.o
 .ARM.exidx     0x0000000000000000        0x8 /usr/lib/gcc/arm-psoc-eabi/5.5.0/../../../../arm-psoc-eabi/lib/thumb/crt0.o
 .text          0x0000000000000000        0x0 lib/bootloader.a(cymetadata.o)
 .data          0x0000000000000000        0x0 lib/bootloader.a(cymetadata.o)
 .bss           0x0000000000000000        0x0 lib/bootloader.a(cymetadata.o)
 .text          0x0000000000000000        0x0 lib/bootloader.a(Cm3Start.o)
 .data          0x0000000000000000        0x4 lib/bootloader.a(Cm3Start.o)
 .bss           0x0000000000000000        0x0 lib/bootloader.a(Cm3Start.o)
 .text._exit    0x0000000000000000        0xc lib/bootloader.a(Cm3Start.o)
 .text._sbrk    0x0000000000000000       0x30 lib/bootloader.a(Cm3Start.o)
 .text          0x0000000000000000        0x0 lib/bootloader.a(Bootloader.o)
 .text.Bootloader_InitCallback
                0x0000000000000000        0xc lib/bootloader.a(Bootloader.o)
 .text.Bootloader_SetFlashByte
                0x0000000000000000       0x3c lib/bootloader.a(Bootloader.o)
 .text.Bootloader_Exit
                0x0000000000000000       0x58 lib/bootloader.a(Bootloader.o)
 .text          0x0000000000000000        0x0 lib/bootloader.a(cyfitter_cfg.o)
 .data          0x0000000000000000        0x0 lib/bootloader.a(cyfitter_cfg.o)
 .bss           0x0000000000000000        0x0 lib/bootloader.a(cyfitter_cfg.o)
 .text.SetAnalogRoutingPumps
                0x0000000000000000       0x10 lib/bootloader.a(cyfitter_cfg.o)
 .text          0x0000000000000000        0x0 lib/bootloader.a(CyLib.o)
 .bss           0x0000000000000000       0x1c lib/bootloader.a(CyLib.o)
 .text.CyUSB_PowerOnCheck
                0x0000000000000000       0x48 lib/bootloader.a(CyLib.o)
 .text.CyBusClk_Internal_SetDivider
                0x0000000000000000       0x48 lib/bootloader.a(CyLib.o)
 .text.CyPLL_OUT_Stop
                0x0000000000000000       0x10 lib/bootloader.a(CyLib.o)
 .text.CyIMO_Stop
                0x0000000000000000       0x1c lib/bootloader.a(CyLib.o)
 .text.CyIMO_EnableDoubler
                0x0000000000000000       0x10 lib/bootloader.a(CyLib.o)
 .text.CyIMO_DisableDoubler
                0x0000000000000000       0x10 lib/bootloader.a(CyLib.o)
 .text.CyMasterClk_SetSource
                0x0000000000000000       0x18 lib/bootloader.a(CyLib.o)
 .text.CyMasterClk_SetDivider
                0x0000000000000000        0xc lib/bootloader.a(CyLib.o)
 .text.CyBusClk_SetDivider
                0x0000000000000000       0x70 lib/bootloader.a(CyLib.o)
 .text.CyUsbClk_SetSource
                0x0000000000000000       0x18 lib/bootloader.a(CyLib.o)
 .text.CyILO_Start1K
                0x0000000000000000       0x10 lib/bootloader.a(CyLib.o)
 .text.CyILO_Stop1K
                0x0000000000000000       0x10 lib/bootloader.a(CyLib.o)
 .text.CyILO_Start100K
                0x0000000000000000       0x10 lib/bootloader.a(CyLib.o)
 .text.CyILO_Stop100K
                0x0000000000000000       0x10 lib/bootloader.a(CyLib.o)
 .text.CyPLL_OUT_Start
                0x0000000000000000       0x78 lib/bootloader.a(CyLib.o)
 .text.CyIMO_Start
                0x0000000000000000       0x60 lib/bootloader.a(CyLib.o)
 .text.CyILO_Enable33K
                0x0000000000000000       0x10 lib/bootloader.a(CyLib.o)
 .text.CyILO_Disable33K
                0x0000000000000000       0x10 lib/bootloader.a(CyLib.o)
 .text.CyILO_SetSource
                0x0000000000000000       0x18 lib/bootloader.a(CyLib.o)
 .text.CyILO_SetPowerMode
                0x0000000000000000       0x24 lib/bootloader.a(CyLib.o)
 .text.CyXTAL_32KHZ_Stop
                0x0000000000000000       0x30 lib/bootloader.a(CyLib.o)
 .text.CyXTAL_32KHZ_ReadStatus
                0x0000000000000000       0x10 lib/bootloader.a(CyLib.o)
 .text.CyXTAL_Start
                0x0000000000000000       0xac lib/bootloader.a(CyLib.o)
 .text.CyXTAL_Stop
                0x0000000000000000       0x10 lib/bootloader.a(CyLib.o)
 .text.CyXTAL_EnableErrStatus
                0x0000000000000000       0x10 lib/bootloader.a(CyLib.o)
 .text.CyXTAL_DisableErrStatus
                0x0000000000000000       0x10 lib/bootloader.a(CyLib.o)
 .text.CyXTAL_ReadStatus
                0x0000000000000000       0x18 lib/bootloader.a(CyLib.o)
 .text.CyXTAL_EnableFaultRecovery
                0x0000000000000000       0x10 lib/bootloader.a(CyLib.o)
 .text.CyXTAL_DisableFaultRecovery
                0x0000000000000000       0x10 lib/bootloader.a(CyLib.o)
 .text.CyXTAL_SetStartup
                0x0000000000000000       0x18 lib/bootloader.a(CyLib.o)
 .text.CyXTAL_SetFbVoltage
                0x0000000000000000       0x18 lib/bootloader.a(CyLib.o)
 .text.CyXTAL_SetWdVoltage
                0x0000000000000000       0x18 lib/bootloader.a(CyLib.o)
 .text.CyPLL_OUT_SetPQ
                0x0000000000000000       0x60 lib/bootloader.a(CyLib.o)
 .text.CyPLL_OUT_SetSource
                0x0000000000000000       0x34 lib/bootloader.a(CyLib.o)
 .text.CyIMO_SetTrimValue
                0x0000000000000000       0xcc lib/bootloader.a(CyLib.o)
 .text.CyIMO_SetFreq
                0x0000000000000000       0xf4 lib/bootloader.a(CyLib.o)
 .text.CyIMO_SetSource
                0x0000000000000000       0x58 lib/bootloader.a(CyLib.o)
 .text.CyXTAL_32KHZ_SetPowerMode
                0x0000000000000000       0x84 lib/bootloader.a(CyLib.o)
 .text.CyXTAL_32KHZ_Start
                0x0000000000000000       0x74 lib/bootloader.a(CyLib.o)
 .text.CyDelayFreq
                0x0000000000000000       0x4c lib/bootloader.a(CyLib.o)
 .text.CyWdtStart
                0x0000000000000000       0x40 lib/bootloader.a(CyLib.o)
 .text.CyWdtClear
                0x0000000000000000        0xc lib/bootloader.a(CyLib.o)
 .text.CyVdStickyStatus
                0x0000000000000000       0x2c lib/bootloader.a(CyLib.o)
 .text.CyVdLvDigitEnable
                0x0000000000000000       0x84 lib/bootloader.a(CyLib.o)
 .text.CyVdLvAnalogEnable
                0x0000000000000000       0x80 lib/bootloader.a(CyLib.o)
 .text.CyVdLvDigitDisable
                0x0000000000000000       0x30 lib/bootloader.a(CyLib.o)
 .text.CyVdLvAnalogDisable
                0x0000000000000000       0x28 lib/bootloader.a(CyLib.o)
 .text.CyVdHvAnalogEnable
                0x0000000000000000       0x54 lib/bootloader.a(CyLib.o)
 .text.CyVdHvAnalogDisable
                0x0000000000000000       0x20 lib/bootloader.a(CyLib.o)
 .text.CyVdRealTimeStatus
                0x0000000000000000       0x1c lib/bootloader.a(CyLib.o)
 .text.CyDisableInts
                0x0000000000000000       0x1c lib/bootloader.a(CyLib.o)
 .text.CyEnableInts
                0x0000000000000000       0x18 lib/bootloader.a(CyLib.o)
 .text.CyIntSetSysVector
                0x0000000000000000       0x28 lib/bootloader.a(CyLib.o)
 .text.CyIntGetSysVector
                0x0000000000000000       0x20 lib/bootloader.a(CyLib.o)
 .text.CyIntGetVector
                0x0000000000000000       0x24 lib/bootloader.a(CyLib.o)
 .text.CyIntGetPriority
                0x0000000000000000       0x20 lib/bootloader.a(CyLib.o)
 .text.CyIntGetState
                0x0000000000000000       0x24 lib/bootloader.a(CyLib.o)
 .text.CySysTickStop
                0x0000000000000000       0x10 lib/bootloader.a(CyLib.o)
 .text.CySysTickEnableInterrupt
                0x0000000000000000       0x10 lib/bootloader.a(CyLib.o)
 .text.CySysTickEnable
                0x0000000000000000       0x18 lib/bootloader.a(CyLib.o)
 .text.CySysTickDisableInterrupt
                0x0000000000000000       0x10 lib/bootloader.a(CyLib.o)
 .text.CySysTickSetReload
                0x0000000000000000       0x10 lib/bootloader.a(CyLib.o)
 .text.CySysTickGetReload
                0x0000000000000000       0x10 lib/bootloader.a(CyLib.o)
 .text.CySysTickGetValue
                0x0000000000000000       0x10 lib/bootloader.a(CyLib.o)
 .text.CySysTickSetClockSource
                0x0000000000000000       0x20 lib/bootloader.a(CyLib.o)
 .text.CySysTickGetClockSource
                0x0000000000000000       0x10 lib/bootloader.a(CyLib.o)
 .text.CySysTickGetCountFlag
                0x0000000000000000       0x10 lib/bootloader.a(CyLib.o)
 .text.CySysTickServiceCallbacks
                0x0000000000000000       0x28 lib/bootloader.a(CyLib.o)
 .text.CySysTickClear
                0x0000000000000000        0xc lib/bootloader.a(CyLib.o)
 .text.CySysTickInit
                0x0000000000000000       0x58 lib/bootloader.a(CyLib.o)
 .text.CySysTickStart
                0x0000000000000000       0x1c lib/bootloader.a(CyLib.o)
 .text.CySysTickSetCallback
                0x0000000000000000       0x10 lib/bootloader.a(CyLib.o)
 .text.CySysTickGetCallback
                0x0000000000000000       0x10 lib/bootloader.a(CyLib.o)
 .text.CyGetUniqueId
                0x0000000000000000       0x70 lib/bootloader.a(CyLib.o)
 .text          0x0000000000000000        0x0 lib/bootloader.a(CyFlash.o)
 .data          0x0000000000000000        0x0 lib/bootloader.a(CyFlash.o)
 .bss           0x0000000000000000        0x0 lib/bootloader.a(CyFlash.o)
 .text.CyFlash_Start
                0x0000000000000000       0x54 lib/bootloader.a(CyFlash.o)
 .text.CyFlash_Stop
                0x0000000000000000       0x24 lib/bootloader.a(CyFlash.o)
 .text.CyFlash_EraseRow
                0x0000000000000000       0x78 lib/bootloader.a(CyFlash.o)
 .text.CySetFlashEEBuffer
                0x0000000000000000       0x20 lib/bootloader.a(CyFlash.o)
 .text.CyWriteRowData
                0x0000000000000000       0x14 lib/bootloader.a(CyFlash.o)
 .text.CyFlash_SetWaitCycles
                0x0000000000000000       0x7c lib/bootloader.a(CyFlash.o)
 .text.CyEEPROM_Stop
                0x0000000000000000       0x24 lib/bootloader.a(CyFlash.o)
 .text.CyEEPROM_ReadReserve
                0x0000000000000000       0x1c lib/bootloader.a(CyFlash.o)
 .text.CyEEPROM_ReadRelease
                0x0000000000000000       0x10 lib/bootloader.a(CyFlash.o)
 .text          0x0000000000000000        0x0 lib/bootloader.a(cyPm.o)
 .data          0x0000000000000000        0x0 lib/bootloader.a(cyPm.o)
 .bss           0x0000000000000000       0x43 lib/bootloader.a(cyPm.o)
 .text.CyPmHibSlpSaveSet
                0x0000000000000000      0x1dc lib/bootloader.a(cyPm.o)
 .text.CyPmHibSlpRestore
                0x0000000000000000       0xd8 lib/bootloader.a(cyPm.o)
 .text.CyPmHviLviSaveDisable
                0x0000000000000000       0xa0 lib/bootloader.a(cyPm.o)
 .text.CyPmHibSaveSet
                0x0000000000000000       0x98 lib/bootloader.a(cyPm.o)
 .text.CyPmHviLviRestore
                0x0000000000000000       0x48 lib/bootloader.a(cyPm.o)
 .text.CyPmHibRestore
                0x0000000000000000       0x60 lib/bootloader.a(cyPm.o)
 .text.CyPmSaveClocks
                0x0000000000000000      0x218 lib/bootloader.a(cyPm.o)
 .text.CyPmRestoreClocks
                0x0000000000000000      0x24c lib/bootloader.a(cyPm.o)
 .text.CyPmAltAct
                0x0000000000000000       0x6c lib/bootloader.a(cyPm.o)
 .text.CyPmSleep
                0x0000000000000000       0xf4 lib/bootloader.a(cyPm.o)
 .text.CyPmHibernateEx
                0x0000000000000000       0xf4 lib/bootloader.a(cyPm.o)
 .text.CyPmHibernate
                0x0000000000000000        0xc lib/bootloader.a(cyPm.o)
 .text.CyPmReadStatus
                0x0000000000000000       0x30 lib/bootloader.a(cyPm.o)
 .text.CyPmCtwSetInterval
                0x0000000000000000       0x5c lib/bootloader.a(cyPm.o)
 .text.CyPmOppsSet
                0x0000000000000000       0x2c lib/bootloader.a(cyPm.o)
 .text.CyPmFtwSetInterval
                0x0000000000000000       0x5c lib/bootloader.a(cyPm.o)
 .rodata        0x0000000000000000        0xf lib/bootloader.a(cyPm.o)
 .text          0x0000000000000000        0x0 lib/bootloader.a(CySpc.o)
 .data          0x0000000000000000        0x0 lib/bootloader.a(CySpc.o)
 .text.CySpcStop
                0x0000000000000000       0x24 lib/bootloader.a(CySpc.o)
 .text.CySpcLoadMultiByte
                0x0000000000000000       0x78 lib/bootloader.a(CySpc.o)
 .text.CySpcLoadRow
                0x0000000000000000       0x50 lib/bootloader.a(CySpc.o)
 .text.CySpcEraseSector
                0x0000000000000000       0x3c lib/bootloader.a(CySpc.o)
 .text.CySpcEraseRow
                0x0000000000000000       0x4c lib/bootloader.a(CySpc.o)
 .text          0x0000000000000000        0x0 lib/bootloader.a(USBFS_boot.o)
 .data          0x0000000000000000        0x0 lib/bootloader.a(USBFS_boot.o)
 .text          0x0000000000000000        0x0 lib/bootloader.a(USBFS.o)
 .data          0x0000000000000000        0x0 lib/bootloader.a(USBFS.o)
 .text.USBFS_CheckActivity
                0x0000000000000000       0x20 lib/bootloader.a(USBFS.o)
 .text.USBFS_GetInterfaceSetting
                0x0000000000000000        0xc lib/bootloader.a(USBFS.o)
 .text.USBFS_DisableOutEP
                0x0000000000000000       0x18 lib/bootloader.a(USBFS.o)
 .text.USBFS_Force
                0x0000000000000000        0xc lib/bootloader.a(USBFS.o)
 .text.USBFS_GetEPAckState
                0x0000000000000000       0x20 lib/bootloader.a(USBFS.o)
 .text.USBFS_SetPowerStatus
                0x0000000000000000       0x20 lib/bootloader.a(USBFS.o)
 .text.USBFS_RWUEnabled
                0x0000000000000000       0x18 lib/bootloader.a(USBFS.o)
 .text.USBFS_GetDeviceAddress
                0x0000000000000000       0x10 lib/bootloader.a(USBFS.o)
 .text.USBFS_EnableSofInt
                0x0000000000000000       0x10 lib/bootloader.a(USBFS.o)
 .text.USBFS_DisableSofInt
                0x0000000000000000       0x10 lib/bootloader.a(USBFS.o)
 .text          0x0000000000000000        0x0 lib/bootloader.a(USBFS_Dp.o)
 .data          0x0000000000000000        0x0 lib/bootloader.a(USBFS_Dp.o)
 .bss           0x0000000000000000        0x0 lib/bootloader.a(USBFS_Dp.o)
 .text.USBFS_Dp_Write
                0x0000000000000000       0x18 lib/bootloader.a(USBFS_Dp.o)
 .text.USBFS_Dp_SetDriveMode
                0x0000000000000000       0x18 lib/bootloader.a(USBFS_Dp.o)
 .text.USBFS_Dp_Read
                0x0000000000000000       0x10 lib/bootloader.a(USBFS_Dp.o)
 .text.USBFS_Dp_ReadDataReg
                0x0000000000000000       0x10 lib/bootloader.a(USBFS_Dp.o)
 .text.USBFS_Dp_SetInterruptMode
                0x0000000000000000       0x14 lib/bootloader.a(USBFS_Dp.o)
 .text          0x0000000000000000        0x0 lib/bootloader.a(USBFS_hid.o)
 .data          0x0000000000000000        0x0 lib/bootloader.a(USBFS_hid.o)
 .bss           0x0000000000000000        0x0 lib/bootloader.a(USBFS_hid.o)
 .text.USBFS_UpdateHIDTimer
                0x0000000000000000       0x3c lib/bootloader.a(USBFS_hid.o)
 .text.USBFS_GetProtocol
                0x0000000000000000        0xc lib/bootloader.a(USBFS_hid.o)
 .data          0x0000000000000000        0x0 lib/bootloader.a(CyBootAsmGnu.o)
 .bss           0x0000000000000000        0x0 lib/bootloader.a(CyBootAsmGnu.o)
 .text          0x0000000000000000        0x0 lib/bootloader.a(USBFS_pm.o)
 .data          0x0000000000000000        0x0 lib/bootloader.a(USBFS_pm.o)
 .bss           0x0000000000000000        0x2 lib/bootloader.a(USBFS_pm.o)
 .text.USBFS_SaveConfig
                0x0000000000000000        0x4 lib/bootloader.a(USBFS_pm.o)
 .text.USBFS_RestoreConfig
                0x0000000000000000       0x1c lib/bootloader.a(USBFS_pm.o)
 .text.USBFS_Suspend
                0x0000000000000000       0xc8 lib/bootloader.a(USBFS_pm.o)
 .text.USBFS_Resume
                0x0000000000000000       0xbc lib/bootloader.a(USBFS_pm.o)
 .text          0x0000000000000000        0x0 lib/bootloader.a(USBFS_drv.o)
 .data          0x0000000000000000        0x0 lib/bootloader.a(USBFS_drv.o)
 .bss           0x0000000000000000        0x0 lib/bootloader.a(USBFS_drv.o)
 .text          0x0000000000000000        0x0 lib/bootloader.a(USBFS_episr.o)
 .data          0x0000000000000000        0x0 lib/bootloader.a(USBFS_episr.o)
 .bss           0x0000000000000000        0x0 lib/bootloader.a(USBFS_episr.o)
 .text          0x0000000000000000        0x0 lib/bootloader.a(USBFS_cls.o)
 .data          0x0000000000000000        0x0 lib/bootloader.a(USBFS_cls.o)
 .bss           0x0000000000000000        0x0 lib/bootloader.a(USBFS_cls.o)
 .text          0x0000000000000000        0x0 lib/bootloader.a(USBFS_std.o)
 .data          0x0000000000000000        0x0 lib/bootloader.a(USBFS_std.o)
 .text.USBFS_EpStateInit
                0x0000000000000000       0x44 lib/bootloader.a(USBFS_std.o)
 .text.USBFS_TerminateEP
                0x0000000000000000       0x4c lib/bootloader.a(USBFS_std.o)
 .text          0x0000000000000000        0x0 lib/bootloader.a(USBFS_vnd.o)
 .data          0x0000000000000000        0x0 lib/bootloader.a(USBFS_vnd.o)
 .bss           0x0000000000000000        0x0 lib/bootloader.a(USBFS_vnd.o)
 .text          0x0000000000000000        0x0 lib/bootloader.a(USBFS_descr.o)
 .data          0x0000000000000000        0x0 lib/bootloader.a(USBFS_descr.o)
 .bss           0x0000000000000000        0x0 lib/bootloader.a(USBFS_descr.o)
 .text          0x0000000000000000        0x0 main.o
 .data          0x0000000000000000        0x0 main.o
 .bss           0x0000000000000000        0x0 main.o
 .text          0x0000000000000000        0x0 /usr/lib/gcc/arm-psoc-eabi/5.5.0/../../../../arm-psoc-eabi/lib/thumb/libg_nano.a(lib_a-atexit.o)
 .data          0x0000000000000000        0x0 /usr/lib/gcc/arm-psoc-eabi/5.5.0/../../../../arm-psoc-eabi/lib/thumb/libg_nano.a(lib_a-atexit.o)
 .bss           0x0000000000000000        0x0 /usr/lib/gcc/arm-psoc-eabi/5.5.0/../../../../arm-psoc-eabi/lib/thumb/libg_nano.a(lib_a-atexit.o)
 .text.atexit   0x0000000000000000        0xc /usr/lib/gcc/arm-psoc-eabi/5.5.0/../../../../arm-psoc-eabi/lib/thumb/libg_nano.a(lib_a-atexit.o)
 .text          0x0000000000000000        0x0 /usr/lib/gcc/arm-psoc-eabi/5.5.0/../../../../arm-psoc-eabi/lib/thumb/libg_nano.a(lib_a-errno.o)
 .data          0x0000000000000000        0x0 /usr/lib/gcc/arm-psoc-eabi/5.5.0/../../../../arm-psoc-eabi/lib/thumb/libg_nano.a(lib_a-errno.o)
 .bss           0x0000000000000000        0x0 /usr/lib/gcc/arm-psoc-eabi/5.5.0/../../../../arm-psoc-eabi/lib/thumb/libg_nano.a(lib_a-errno.o)
 .text          0x0000000000000000        0x0 /usr/lib/gcc/arm-psoc-eabi/5.5.0/../../../../arm-psoc-eabi/lib/thumb/libg_nano.a(lib_a-exit.o)
 .data          0x0000000000000000        0x0 /usr/lib/gcc/arm-psoc-eabi/5.5.0/../../../../arm-psoc-eabi/lib/thumb/libg_nano.a(lib_a-exit.o)
 .bss           0x0000000000000000        0x0 /usr/lib/gcc/arm-psoc-eabi/5.5.0/../../../../arm-psoc-eabi/lib/thumb/libg_nano.a(lib_a-exit.o)
 .text.exit     0x0000000000000000       0x28 /usr/lib/gcc/arm-psoc-eabi/5.5.0/../../../../arm-psoc-eabi/lib/thumb/libg_nano.a(lib_a-exit.o)
 .text          0x0000000000000000        0x0 /usr/lib/gcc/arm-psoc-eabi/5.5.0/../../../../arm-psoc-eabi/lib/thumb/libg_nano.a(lib_a-fini.o)
 .data          0x0000000000000000        0x0 /usr/lib/gcc/arm-psoc-eabi/5.5.0/../../../../arm-psoc-eabi/lib/thumb/libg_nano.a(lib_a-fini.o)
 .bss           0x0000000000000000        0x0 /usr/lib/gcc/arm-psoc-eabi/5.5.0/../../../../arm-psoc-eabi/lib/thumb/libg_nano.a(lib_a-fini.o)
 .text.__libc_fini_array
                0x0000000000000000       0x28 /usr/lib/gcc/arm-psoc-eabi/5.5.0/../../../../arm-psoc-eabi/lib/thumb/libg_nano.a(lib_a-fini.o)
 .text          0x0000000000000000        0x0 /usr/lib/gcc/arm-psoc-eabi/5.5.0/../../../../arm-psoc-eabi/lib/thumb/libg_nano.a(lib_a-impure.o)
 .data          0x0000000000000000        0x0 /usr/lib/gcc/arm-psoc-eabi/5.5.0/../../../../arm-psoc-eabi/lib/thumb/libg_nano.a(lib_a-impure.o)
 .bss           0x0000000000000000        0x0 /usr/lib/gcc/arm-psoc-eabi/5.5.0/../../../../arm-psoc-eabi/lib/thumb/libg_nano.a(lib_a-impure.o)
 .rodata._global_impure_ptr
                0x0000000000000000        0x4 /usr/lib/gcc/arm-psoc-eabi/5.5.0/../../../../arm-psoc-eabi/lib/thumb/libg_nano.a(lib_a-impure.o)
 .text          0x0000000000000000        0x0 /usr/lib/gcc/arm-psoc-eabi/5.5.0/../../../../arm-psoc-eabi/lib/thumb/libg_nano.a(lib_a-init.o)
 .data          0x0000000000000000        0x0 /usr/lib/gcc/arm-psoc-eabi/5.5.0/../../../../arm-psoc-eabi/lib/thumb/libg_nano.a(lib_a-init.o)
 .bss           0x0000000000000000        0x0 /usr/lib/gcc/arm-psoc-eabi/5.5.0/../../../../arm-psoc-eabi/lib/thumb/libg_nano.a(lib_a-init.o)
 .text          0x0000000000000000        0x0 /usr/lib/gcc/arm-psoc-eabi/5.5.0/../../../../arm-psoc-eabi/lib/thumb/libg_nano.a(lib_a-memcpy-stub.o)
 .data          0x0000000000000000        0x0 /usr/lib/gcc/arm-psoc-eabi/5.5.0/../../../../arm-psoc-eabi/lib/thumb/libg_nano.a(lib_a-memcpy-stub.o)
 .bss           0x0000000000000000        0x0 /usr/lib/gcc/arm-psoc-eabi/5.5.0/../../../../arm-psoc-eabi/lib/thumb/libg_nano.a(lib_a-memcpy-stub.o)
 .text          0x0000000000000000        0x0 /usr/lib/gcc/arm-psoc-eabi/5.5.0/../../../../arm-psoc-eabi/lib/thumb/libg_nano.a(lib_a-memset.o)
 .data          0x0000000000000000        0x0 /usr/lib/gcc/arm-psoc-eabi/5.5.0/../../../../arm-psoc-eabi/lib/thumb/libg_nano.a(lib_a-memset.o)
 .bss           0x0000000000000000        0x0 /usr/lib/gcc/arm-psoc-eabi/5.5.0/../../../../arm-psoc-eabi/lib/thumb/libg_nano.a(lib_a-memset.o)
 .text          0x0000000000000000        0x0 /usr/lib/gcc/arm-psoc-eabi/5.5.0/../../../../arm-psoc-eabi/lib/thumb/libg_nano.a(lib_a-__atexit.o)
 .data          0x0000000000000000        0x0 /usr/lib/gcc/arm-psoc-eabi/5.5.0/../../../../arm-psoc-eabi/lib/thumb/libg_nano.a(lib_a-__atexit.o)
 .bss           0x0000000000000000        0x0 /usr/lib/gcc/arm-psoc-eabi/5.5.0/../../../../arm-psoc-eabi/lib/thumb/libg_nano.a(lib_a-__atexit.o)
 .text.__register_exitproc
                0x0000000000000000       0xc8 /usr/lib/gcc/arm-psoc-eabi/5.5.0/../../../../arm-psoc-eabi/lib/thumb/libg_nano.a(lib_a-__atexit.o)
 .bss._global_atexit0
                0x0000000000000000       0x8c /usr/lib/gcc/arm-psoc-eabi/5.5.0/../../../../arm-psoc-eabi/lib/thumb/libg_nano.a(lib_a-__atexit.o)
 .data.__atexit_dummy
                0x0000000000000000        0x4 /usr/lib/gcc/arm-psoc-eabi/5.5.0/../../../../arm-psoc-eabi/lib/thumb/libg_nano.a(lib_a-__atexit.o)
 .text          0x0000000000000000        0x0 /usr/lib/gcc/arm-psoc-eabi/5.5.0/../../../../arm-psoc-eabi/lib/thumb/libg_nano.a(lib_a-__call_atexit.o)
 .data          0x0000000000000000        0x0 /usr/lib/gcc/arm-psoc-eabi/5.5.0/../../../../arm-psoc-eabi/lib/thumb/libg_nano.a(lib_a-__call_atexit.o)
 .bss           0x0000000000000000        0x0 /usr/lib/gcc/arm-psoc-eabi/5.5.0/../../../../arm-psoc-eabi/lib/thumb/libg_nano.a(lib_a-__call_atexit.o)
 .text.__call_exitprocs
                0x0000000000000000       0xd4 /usr/lib/gcc/arm-psoc-eabi/5.5.0/../../../../arm-psoc-eabi/lib/thumb/libg_nano.a(lib_a-__call_atexit.o)
 .bss._global_atexit
                0x0000000000000000        0x4 /usr/lib/gcc/arm-psoc-eabi/5.5.0/../../../../arm-psoc-eabi/lib/thumb/libg_nano.a(lib_a-__call_atexit.o)
 .text          0x0000000000000000        0x0 /usr/lib/gcc/arm-psoc-eabi/5.5.0/thumb/crtend.o
 .data          0x0000000000000000        0x0 /usr/lib/gcc/arm-psoc-eabi/5.5.0/thumb/crtend.o
 .bss           0x0000000000000000        0x0 /usr/lib/gcc/arm-psoc-eabi/5.5.0/thumb/crtend.o
 .text          0x0000000000000000        0x0 /usr/lib/gcc/arm-psoc-eabi/5.5.0/thumb/crtn.o
 .data          0x0000000000000000        0x0 /usr/lib/gcc/arm-psoc-eabi/5.5.0/thumb/crtn.o
 .bss           0x0000000000000000        0x0 /usr/lib/gcc/arm-psoc-eabi/5.5.0/thumb/crtn.o

Memory Configuration

Name             Origin             Length             Attributes
rom              0x0000000000000000 0x0000000000040000 xr
ram              0x000000001fff8000 0x0000000000010000 xrw
*default*        0x0000000000000000 0xffffffffffffffff

Linker script and memory map

LOAD /usr/lib/gcc/arm-psoc-eabi/5.5.0/thumb/crti.o
LOAD /usr/lib/gcc/arm-psoc-eabi/5.5.0/thumb/crtbegin.o
LOAD /usr/lib/gcc/arm-psoc-eabi/5.5.0/../../../../arm-psoc-eabi/lib/thumb/crt0.o
LOAD lib/bootloader.a
LOAD main.o
START GROUP
LOAD /usr/lib/gcc/arm-psoc-eabi/5.5.0/thumb/libgcc.a
LOAD /usr/lib/gcc/arm-psoc-eabi/5.5.0/../../../../arm-psoc-eabi/lib/thumb/libg_nano.a
LOAD /usr/lib/gcc/arm-psoc-eabi/5.5.0/../../../../arm-psoc-eabi/lib/thumb/libc_nano.a
END GROUP
START GROUP
LOAD /usr/lib/gcc/arm-psoc-eabi/5.5.0/thumb/libgcc.a
LOAD /usr/lib/gcc/arm-psoc-eabi/5.5.0/../../../../arm-psoc-eabi/lib/thumb/libc_nano.a
END GROUP
LOAD /usr/lib/gcc/arm-psoc-eabi/5.5.0/thumb/crtend.o
LOAD /usr/lib/gcc/arm-psoc-eabi/5.5.0/thumb/crtn.o
START GROUP
LOAD /usr/lib/gcc/arm-psoc-eabi/5.5.0/thumb/libgcc.a
LOAD /usr/lib/gcc/arm-psoc-eabi/5.5.0/../../../../arm-psoc-eabi/lib/thumb/libc.a
LOAD /usr/lib/gcc/arm-psoc-eabi/5.5.0/../../../../arm-psoc-eabi/lib/thumb/libnosys.a
END GROUP
                0x0000000000000000                CY_APPL_ORIGIN = 0x0
                0x0000000000000100                CY_FLASH_ROW_SIZE = 0x100
                0x0000000000000020                CY_ECC_ROW_SIZE = 0x20
                0x0000000000000000                CY_EE_IN_BTLDR = 0x0
                0x0000000000000000                CY_APPL_LOADABLE = 0x0
                0x0000000000000800                CY_EE_SIZE = 0x800
                0x0000000000000001                CY_APPL_NUM = 0x1
                0x0000000000000001                CY_APPL_MAX = 0x1
                0x0000000000000040                CY_METADATA_SIZE = 0x40
                0x0000000000000000                CY_APPL_LOADABLE = 0x0
                0x0000000000000000                CY_CHECKSUM_EXCLUDE_SIZE = ALIGN (0x0, CY_FLASH_ROW_SIZE)
                [!provide]                        PROVIDE (__cy_heap_start, _end)
                0x0000000000000001                PROVIDE (__cy_region_num, ((__cy_regions_end - __cy_regions) / 0x10))
                0x0000000020008000                PROVIDE (__cy_stack, (ORIGIN (ram) + LENGTH (ram)))
                [!provide]                        PROVIDE (__cy_heap_end, (__cy_stack - 0x800))

.cybootloader   0x0000000000000000        0x0
 *(.cybootloader)
                0x0000000000000000                appl1_start = CY_APPL_ORIGIN?CY_APPL_ORIGIN:ALIGN (CY_FLASH_ROW_SIZE)
                0x000000000001ff00                appl2_start = (appl1_start + ALIGN ((((LENGTH (rom) - appl1_start) - (0x2 * CY_FLASH_ROW_SIZE)) / 0x2), CY_FLASH_ROW_SIZE))
                0x0000000000000000                appl_start = (CY_APPL_NUM == 0x1)?appl1_start:appl2_start
                0x0000000000000000                ecc_offset = ((appl_start / CY_FLASH_ROW_SIZE) * CY_ECC_ROW_SIZE)
                0x0000000000000000                ee_offset = (CY_APPL_LOADABLE && ! (CY_EE_IN_BTLDR))?((CY_EE_SIZE / CY_APPL_MAX) * (CY_APPL_NUM - 0x1)):0x0
                0x0000000000000800                ee_size = (CY_APPL_LOADABLE && ! (CY_EE_IN_BTLDR))?(CY_EE_SIZE / CY_APPL_MAX):CY_EE_SIZE
                [!provide]                        PROVIDE (CY_ECC_OFFSET, ecc_offset)

.text           0x0000000000000000     0x27cd
 CREATE_OBJECT_SYMBOLS
                0x0000000000000000                PROVIDE (__cy_interrupt_vector, RomVectors)
 *(.romvectors)
 .romvectors    0x0000000000000000       0x10 lib/bootloader.a(Cm3Start.o)
                0x0000000000000000                RomVectors
                0x0000000000000001                ASSERT ((. != __cy_interrupt_vector), No interrupt vector)
                0x0000000000000001                ASSERT (CY_APPL_ORIGIN?(SIZEOF (.cybootloader) <= CY_APPL_ORIGIN):0x1, Wrong image location)
                0x0000000000000010                PROVIDE (__cy_reset, Reset)
 *(.text.Reset)
 .text.Reset    0x0000000000000010       0x1c lib/bootloader.a(Cm3Start.o)
                0x0000000000000010                Reset
                0x0000000000000001                ASSERT ((. != __cy_reset), No reset code)
 *(.dma_init)
                0x0000000000000001                ASSERT ((((appl_start + .) <= 0x10000) || 0x1), DMA Init must be within the first 64k of flash)
 *(.text .text.* .gnu.linkonce.t.*)
 .text          0x000000000000002c       0xa4 /usr/lib/gcc/arm-psoc-eabi/5.5.0/thumb/crtbegin.o
 .text.IntDefaultHandler
                0x00000000000000d0       0x10 lib/bootloader.a(Cm3Start.o)
                0x00000000000000d0                IntDefaultHandler
 .text.Start_c  0x00000000000000e0       0x4c lib/bootloader.a(Cm3Start.o)
                0x00000000000000e0                Start_c
 .text.initialize_psoc
                0x000000000000012c       0x68 lib/bootloader.a(Cm3Start.o)
                0x000000000000012c                initialize_psoc
 .text.Bootloader_CalcPacketChecksum
                0x0000000000000194       0x1c lib/bootloader.a(Bootloader.o)
 .text.Bootloader_VerifyRow
                0x00000000000001b0       0x24 lib/bootloader.a(Bootloader.o)
 .text.Bootloader_LaunchBootloadable
                0x00000000000001d4        0x4 lib/bootloader.a(Bootloader.o)
 .text.Bootloader_LaunchApplication
                0x00000000000001d8       0x14 lib/bootloader.a(Bootloader.o)
 .text.Bootloader_WritePacket
                0x00000000000001ec       0x54 lib/bootloader.a(Bootloader.o)
 .text.Bootloader_Calc8BitSum
                0x0000000000000240       0x30 lib/bootloader.a(Bootloader.o)
                0x0000000000000240                Bootloader_Calc8BitSum
 .text.Bootloader_GetMetadata
                0x0000000000000270      0x12c lib/bootloader.a(Bootloader.o)
                0x0000000000000270                Bootloader_GetMetadata
 .text.CyBtldr_CheckLaunch
                0x000000000000039c       0x30 lib/bootloader.a(Bootloader.o)
                0x000000000000039c                CyBtldr_CheckLaunch
 .text.Bootloader_ValidateBootloadable
                0x00000000000003cc       0x94 lib/bootloader.a(Bootloader.o)
                0x00000000000003cc                Bootloader_ValidateBootloadable
 .text.Bootloader_HostLink
                0x0000000000000460      0x570 lib/bootloader.a(Bootloader.o)
 .text.Bootloader_Start
                0x00000000000009d0       0x68 lib/bootloader.a(Bootloader.o)
                0x00000000000009d0                Bootloader_Start
 .text.cfg_write_bytes32
                0x0000000000000a38       0x34 lib/bootloader.a(cyfitter_cfg.o)
 .text.ClockSetup
                0x0000000000000a6c       0x50 lib/bootloader.a(cyfitter_cfg.o)
 .text.AnalogSetDefault
                0x0000000000000abc       0x28 lib/bootloader.a(cyfitter_cfg.o)
 .text.CYMEMZERO
                0x0000000000000ae4        0xc lib/bootloader.a(cyfitter_cfg.o)
 .text.CYCONFIGCPYCODE
                0x0000000000000af0        0x8 lib/bootloader.a(cyfitter_cfg.o)
 .text.CYCONFIGCPY
                0x0000000000000af8        0x8 lib/bootloader.a(cyfitter_cfg.o)
 .text.cyfitter_cfg
                0x0000000000000b00       0x98 lib/bootloader.a(cyfitter_cfg.o)
                0x0000000000000b00                cyfitter_cfg
 .text.CyHalt   0x0000000000000b98        0x4 lib/bootloader.a(CyLib.o)
                0x0000000000000b98                CyHalt
 .text.CySoftwareReset
                0x0000000000000b9c       0x10 lib/bootloader.a(CyLib.o)
                0x0000000000000b9c                CySoftwareReset
 .text.CyDelay  0x0000000000000bac       0x2c lib/bootloader.a(CyLib.o)
                0x0000000000000bac                CyDelay
 .text.CyDelayUs
                0x0000000000000bd8       0x14 lib/bootloader.a(CyLib.o)
                0x0000000000000bd8                CyDelayUs
 .text.CyFlushCache
                0x0000000000000bec       0x44 lib/bootloader.a(CyLib.o)
                0x0000000000000bec                CyFlushCache
 .text.CyIntSetVector
                0x0000000000000c30       0x28 lib/bootloader.a(CyLib.o)
                0x0000000000000c30                CyIntSetVector
 .text.CyIntSetPriority
                0x0000000000000c58       0x30 lib/bootloader.a(CyLib.o)
                0x0000000000000c58                CyIntSetPriority
 .text.CySetTempInt
                0x0000000000000c88       0x60 lib/bootloader.a(CyFlash.o)
 .text.CyFlashGetSpcAlgorithm
                0x0000000000000ce8       0x4c lib/bootloader.a(CyFlash.o)
                0x0000000000000ce8                CyFlashGetSpcAlgorithm
 .text.CySetTemp
                0x0000000000000d34       0x14 lib/bootloader.a(CyFlash.o)
                0x0000000000000d34                CySetTemp
 .text.CyWriteRowFull
                0x0000000000000d48       0xf8 lib/bootloader.a(CyFlash.o)
                0x0000000000000d48                CyWriteRowFull
 .text.CyEEPROM_Start
                0x0000000000000e40       0x54 lib/bootloader.a(CyFlash.o)
                0x0000000000000e40                CyEEPROM_Start
 .text.CySpcStart
                0x0000000000000e94       0x24 lib/bootloader.a(CySpc.o)
                0x0000000000000e94                CySpcStart
 .text.CySpcReadData
                0x0000000000000eb8       0x34 lib/bootloader.a(CySpc.o)
                0x0000000000000eb8                CySpcReadData
 .text.CySpcLoadRowFull
                0x0000000000000eec       0x80 lib/bootloader.a(CySpc.o)
                0x0000000000000eec                CySpcLoadRowFull
 .text.CySpcWriteRow
                0x0000000000000f6c       0x4c lib/bootloader.a(CySpc.o)
                0x0000000000000f6c                CySpcWriteRow
 .text.CySpcGetTemp
                0x0000000000000fb8       0x3c lib/bootloader.a(CySpc.o)
                0x0000000000000fb8                CySpcGetTemp
 .text.CySpcLock
                0x0000000000000ff4       0x4c lib/bootloader.a(CySpc.o)
                0x0000000000000ff4                CySpcLock
 .text.CySpcUnlock
                0x0000000000001040       0x38 lib/bootloader.a(CySpc.o)
                0x0000000000001040                CySpcUnlock
 .text.CySpcGetAlgorithm
                0x0000000000001078       0x28 lib/bootloader.a(CySpc.o)
                0x0000000000001078                CySpcGetAlgorithm
 .text.USBFS_CyBtldrCommStart
                0x00000000000010a0       0x18 lib/bootloader.a(USBFS_boot.o)
                0x00000000000010a0                USBFS_CyBtldrCommStart
 .text.USBFS_CyBtldrCommStop
                0x00000000000010b8        0x8 lib/bootloader.a(USBFS_boot.o)
                0x00000000000010b8                USBFS_CyBtldrCommStop
 .text.USBFS_CyBtldrCommReset
                0x00000000000010c0        0xc lib/bootloader.a(USBFS_boot.o)
                0x00000000000010c0                USBFS_CyBtldrCommReset
 .text.USBFS_CyBtldrCommWrite
                0x00000000000010cc       0x44 lib/bootloader.a(USBFS_boot.o)
                0x00000000000010cc                USBFS_CyBtldrCommWrite
 .text.USBFS_CyBtldrCommRead
                0x0000000000001110       0xa0 lib/bootloader.a(USBFS_boot.o)
                0x0000000000001110                USBFS_CyBtldrCommRead
 .text.USBFS_Init
                0x00000000000011b0      0x12c lib/bootloader.a(USBFS.o)
                0x00000000000011b0                USBFS_Init
 .text.USBFS_InitComponent
                0x00000000000012dc       0xcc lib/bootloader.a(USBFS.o)
                0x00000000000012dc                USBFS_InitComponent
 .text.USBFS_Start
                0x00000000000013a8       0x24 lib/bootloader.a(USBFS.o)
                0x00000000000013a8                USBFS_Start
 .text.USBFS_ReInitComponent
                0x00000000000013cc       0x64 lib/bootloader.a(USBFS.o)
                0x00000000000013cc                USBFS_ReInitComponent
 .text.USBFS_Stop
                0x0000000000001430       0xb4 lib/bootloader.a(USBFS.o)
                0x0000000000001430                USBFS_Stop
 .text.USBFS_GetConfiguration
                0x00000000000014e4        0xc lib/bootloader.a(USBFS.o)
                0x00000000000014e4                USBFS_GetConfiguration
 .text.USBFS_IsConfigurationChanged
                0x00000000000014f0       0x20 lib/bootloader.a(USBFS.o)
                0x00000000000014f0                USBFS_IsConfigurationChanged
 .text.USBFS_GetEPState
                0x0000000000001510       0x14 lib/bootloader.a(USBFS.o)
                0x0000000000001510                USBFS_GetEPState
 .text.USBFS_GetEPCount
                0x0000000000001524       0x28 lib/bootloader.a(USBFS.o)
                0x0000000000001524                USBFS_GetEPCount
 .text.USBFS_LoadInEP
                0x000000000000154c       0x94 lib/bootloader.a(USBFS.o)
                0x000000000000154c                USBFS_LoadInEP
 .text.USBFS_EnableOutEP
                0x00000000000015e0       0x2c lib/bootloader.a(USBFS.o)
                0x00000000000015e0                USBFS_EnableOutEP
 .text.USBFS_ReadOutEP
                0x000000000000160c       0x50 lib/bootloader.a(USBFS.o)
                0x000000000000160c                USBFS_ReadOutEP
 .text.USBFS_Dp_ClearInterrupt
                0x000000000000165c       0x10 lib/bootloader.a(USBFS_Dp.o)
                0x000000000000165c                USBFS_Dp_ClearInterrupt
 .text.USBFS_FindHidClassDecriptor
                0x000000000000166c       0x44 lib/bootloader.a(USBFS_hid.o)
                0x000000000000166c                USBFS_FindHidClassDecriptor
 .text.USBFS_FindReportDescriptor
                0x00000000000016b0       0x4c lib/bootloader.a(USBFS_hid.o)
                0x00000000000016b0                USBFS_FindReportDescriptor
 .text.USBFS_FindReport
                0x00000000000016fc       0x7c lib/bootloader.a(USBFS_hid.o)
                0x00000000000016fc                USBFS_FindReport
 .text.USBFS_DispatchHIDClassRqst
                0x0000000000001778      0x184 lib/bootloader.a(USBFS_hid.o)
                0x0000000000001778                USBFS_DispatchHIDClassRqst
 *fill*         0x00000000000018fc        0x4 
 .text          0x0000000000001900       0x20 lib/bootloader.a(CyBootAsmGnu.o)
                0x0000000000001900                CyDelayCycles
                0x0000000000001910                CyEnterCriticalSection
                0x0000000000001918                CyExitCriticalSection
 .text.USBFS_DP_ISR
                0x0000000000001920        0x8 lib/bootloader.a(USBFS_pm.o)
                0x0000000000001920                USBFS_DP_ISR
 .text.USBFS_LoadEP0
                0x0000000000001928       0x98 lib/bootloader.a(USBFS_drv.o)
                0x0000000000001928                USBFS_LoadEP0
 .text.USBFS_InitZeroLengthControlTransfer
                0x00000000000019c0       0x34 lib/bootloader.a(USBFS_drv.o)
                0x00000000000019c0                USBFS_InitZeroLengthControlTransfer
 .text.USBFS_ControlReadDataStage
                0x00000000000019f4        0x8 lib/bootloader.a(USBFS_drv.o)
                0x00000000000019f4                USBFS_ControlReadDataStage
 .text.USBFS_ControlWriteDataStage
                0x00000000000019fc       0x84 lib/bootloader.a(USBFS_drv.o)
                0x00000000000019fc                USBFS_ControlWriteDataStage
 .text.USBFS_InitNoDataControlTransfer
                0x0000000000001a80       0x2c lib/bootloader.a(USBFS_drv.o)
                0x0000000000001a80                USBFS_InitNoDataControlTransfer
 .text.USBFS_UpdateStatusBlock
                0x0000000000001aac       0x24 lib/bootloader.a(USBFS_drv.o)
                0x0000000000001aac                USBFS_UpdateStatusBlock
 .text.USBFS_HandleSetup
                0x0000000000001ad0       0x5c lib/bootloader.a(USBFS_drv.o)
                0x0000000000001ad0                USBFS_HandleSetup
 .text.USBFS_ControlReadStatusStage
                0x0000000000001b2c       0x38 lib/bootloader.a(USBFS_drv.o)
                0x0000000000001b2c                USBFS_ControlReadStatusStage
 .text.USBFS_HandleOUT
                0x0000000000001b64       0x38 lib/bootloader.a(USBFS_drv.o)
                0x0000000000001b64                USBFS_HandleOUT
 .text.USBFS_ControlWriteStatusStage
                0x0000000000001b9c       0x20 lib/bootloader.a(USBFS_drv.o)
                0x0000000000001b9c                USBFS_ControlWriteStatusStage
 .text.USBFS_NoDataControlStatusStage
                0x0000000000001bbc       0x40 lib/bootloader.a(USBFS_drv.o)
                0x0000000000001bbc                USBFS_NoDataControlStatusStage
 .text.USBFS_HandleIN
                0x0000000000001bfc       0x2c lib/bootloader.a(USBFS_drv.o)
                0x0000000000001bfc                USBFS_HandleIN
 .text.USBFS_EP_0_ISR
                0x0000000000001c28       0xb8 lib/bootloader.a(USBFS_drv.o)
                0x0000000000001c28                USBFS_EP_0_ISR
 .text.USBFS_InitializeStatusBlock
                0x0000000000001ce0       0x24 lib/bootloader.a(USBFS_drv.o)
                0x0000000000001ce0                USBFS_InitializeStatusBlock
 .text.USBFS_InitControlRead
                0x0000000000001d04       0x50 lib/bootloader.a(USBFS_drv.o)
                0x0000000000001d04                USBFS_InitControlRead
 .text.USBFS_InitControlWrite
                0x0000000000001d54       0x48 lib/bootloader.a(USBFS_drv.o)
                0x0000000000001d54                USBFS_InitControlWrite
 .text.USBFS_EP_1_ISR
                0x0000000000001d9c       0x30 lib/bootloader.a(USBFS_episr.o)
                0x0000000000001d9c                USBFS_EP_1_ISR
 .text.USBFS_EP_2_ISR
                0x0000000000001dcc       0x34 lib/bootloader.a(USBFS_episr.o)
                0x0000000000001dcc                USBFS_EP_2_ISR
 .text.USBFS_SOF_ISR
                0x0000000000001e00        0x4 lib/bootloader.a(USBFS_episr.o)
                0x0000000000001e00                USBFS_SOF_ISR
 .text.USBFS_BUS_RESET_ISR
                0x0000000000001e04        0x8 lib/bootloader.a(USBFS_episr.o)
                0x0000000000001e04                USBFS_BUS_RESET_ISR
 .text.USBFS_DispatchClassRqst
                0x0000000000001e0c       0x58 lib/bootloader.a(USBFS_cls.o)
                0x0000000000001e0c                USBFS_DispatchClassRqst
 .text.USBFS_ConfigReg
                0x0000000000001e64       0xa4 lib/bootloader.a(USBFS_std.o)
                0x0000000000001e64                USBFS_ConfigReg
 .text.USBFS_GetConfigTablePtr
                0x0000000000001f08       0x28 lib/bootloader.a(USBFS_std.o)
                0x0000000000001f08                USBFS_GetConfigTablePtr
 .text.USBFS_ConfigAltChanged
                0x0000000000001f30      0x11c lib/bootloader.a(USBFS_std.o)
                0x0000000000001f30                USBFS_ConfigAltChanged
 .text.USBFS_GetDeviceTablePtr
                0x000000000000204c       0x18 lib/bootloader.a(USBFS_std.o)
                0x000000000000204c                USBFS_GetDeviceTablePtr
 .text.USBFS_GetInterfaceClassTablePtr
                0x0000000000002064       0x28 lib/bootloader.a(USBFS_std.o)
                0x0000000000002064                USBFS_GetInterfaceClassTablePtr
 .text.USBFS_Config
                0x000000000000208c      0x1cc lib/bootloader.a(USBFS_std.o)
                0x000000000000208c                USBFS_Config
 .text.USBFS_SetEndpointHalt
                0x0000000000002258       0x64 lib/bootloader.a(USBFS_std.o)
                0x0000000000002258                USBFS_SetEndpointHalt
 .text.USBFS_ClearEndpointHalt
                0x00000000000022bc       0xa8 lib/bootloader.a(USBFS_std.o)
                0x00000000000022bc                USBFS_ClearEndpointHalt
 .text.USBFS_ValidateAlternateSetting
                0x0000000000002364       0x4c lib/bootloader.a(USBFS_std.o)
                0x0000000000002364                USBFS_ValidateAlternateSetting
 .text.USBFS_HandleStandardRqst
                0x00000000000023b0      0x354 lib/bootloader.a(USBFS_std.o)
                0x00000000000023b0                USBFS_HandleStandardRqst
 .text.USBFS_HandleVendorRqst
                0x0000000000002704       0x3c lib/bootloader.a(USBFS_vnd.o)
                0x0000000000002704                USBFS_HandleVendorRqst
 .text.main     0x0000000000002740        0x8 main.o
                0x0000000000002740                main
 .text.__errno  0x0000000000002748        0xc /usr/lib/gcc/arm-psoc-eabi/5.5.0/../../../../arm-psoc-eabi/lib/thumb/libg_nano.a(lib_a-errno.o)
                0x0000000000002748                __errno
 .text.__libc_init_array
                0x0000000000002754       0x4c /usr/lib/gcc/arm-psoc-eabi/5.5.0/../../../../arm-psoc-eabi/lib/thumb/libg_nano.a(lib_a-init.o)
                0x0000000000002754                __libc_init_array
 .text.memcpy   0x00000000000027a0       0x16 /usr/lib/gcc/arm-psoc-eabi/5.5.0/../../../../arm-psoc-eabi/lib/thumb/libg_nano.a(lib_a-memcpy-stub.o)
                0x00000000000027a0                memcpy
 .text.memset   0x00000000000027b6       0x10 /usr/lib/gcc/arm-psoc-eabi/5.5.0/../../../../arm-psoc-eabi/lib/thumb/libg_nano.a(lib_a-memset.o)
                0x00000000000027b6                memset
 *(.plt)
 *(.gnu.warning)
 *(.glue_7t)
 .glue_7t       0x00000000000027c6        0x0 linker stubs
 *(.glue_7)
 .glue_7        0x00000000000027c6        0x0 linker stubs
 *(.vfp11_veneer)
 .vfp11_veneer  0x00000000000027c6        0x0 linker stubs
 *(.bootloader)
 *fill*         0x00000000000027c6        0x2 
 .bootloader    0x00000000000027c8        0x5 lib/bootloader.a(Bootloader.o)
                0x00000000000027c8                Bootloader_SizeBytes
                0x00000000000027cc                Bootloader_Checksum
 *(.ARM.extab* .gnu.linkonce.armextab.*)
 *(.gcc_except_table)

.v4_bx          0x00000000000027d0        0x0
 .v4_bx         0x00000000000027d0        0x0 linker stubs

.iplt           0x00000000000027d0        0x0
 .iplt          0x00000000000027d0        0x0 /usr/lib/gcc/arm-psoc-eabi/5.5.0/thumb/crtbegin.o

.eh_frame_hdr
 *(.eh_frame_hdr)

.eh_frame       0x00000000000027d0        0x4
 *(.eh_frame)
 .eh_frame      0x00000000000027d0        0x0 /usr/lib/gcc/arm-psoc-eabi/5.5.0/thumb/crtbegin.o
 .eh_frame      0x00000000000027d0        0x4 /usr/lib/gcc/arm-psoc-eabi/5.5.0/thumb/crtend.o
                [!provide]                        PROVIDE (__exidx_start, .)

.ARM.exidx
 *(.ARM.exidx* .gnu.linkonce.armexidx.*)
                0x00000000000027d4                __exidx_end = .

.rodata         0x00000000000027d4      0x274
 *(.rodata .rodata.* .gnu.linkonce.r.*)
 .rodata        0x00000000000027d4        0x8 lib/bootloader.a(Bootloader.o)
 .rodata        0x00000000000027dc       0x92 lib/bootloader.a(cyfitter_cfg.o)
 *fill*         0x000000000000286e        0x2 
 .rodata        0x0000000000002870      0x19e lib/bootloader.a(USBFS_descr.o)
                0x0000000000002870                USBFS_MSOS_CONFIGURATION_DESCR
                0x0000000000002898                USBFS_MSOS_DESCRIPTOR
                0x00000000000028ac                USBFS_TABLE
                0x00000000000028b4                USBFS_DEVICE0_TABLE
                0x00000000000028cc                USBFS_DEVICE0_CONFIGURATION0_TABLE
                0x00000000000028ec                USBFS_DEVICE0_CONFIGURATION0_INTERFACE_CLASS
                0x00000000000028f0                USBFS_DEVICE0_CONFIGURATION0_EP_SETTINGS_TABLE
                0x0000000000002900                USBFS_DEVICE0_CONFIGURATION0_INTERFACE0_TABLE
                0x0000000000002908                USBFS_DEVICE0_CONFIGURATION0_INTERFACE0_ALTERNATE0_HID_TABLE
                0x0000000000002930                USBFS_DEVICE0_CONFIGURATION0_INTERFACE0_ALTERNATE0_HID_OUT_RPT_TABLE
                0x000000000000293c                USBFS_DEVICE0_CONFIGURATION0_INTERFACE0_ALTERNATE0_HID_IN_RPT_TABLE
                0x0000000000002948                USBFS_HIDREPORT_DESCRIPTOR1
                0x0000000000002970                USBFS_SN_STRING_DESCRIPTOR
                0x000000000000297c                USBFS_STRING_DESCRIPTORS
                0x00000000000029d0                USBFS_DEVICE0_CONFIGURATION0_DESCR
                0x00000000000029fc                USBFS_DEVICE0_DESCR
                0x0000000000002a10                . = ALIGN (0x4)
 *fill*         0x0000000000002a0e        0x2 
 *(.init)
 .init          0x0000000000002a10        0x4 /usr/lib/gcc/arm-psoc-eabi/5.5.0/thumb/crti.o
                0x0000000000002a10                _init
 .init          0x0000000000002a14        0x8 /usr/lib/gcc/arm-psoc-eabi/5.5.0/thumb/crtn.o
                0x0000000000002a1c                . = ALIGN (0x4)
                0x0000000000002a1c                __preinit_array_start = .
 *(.preinit_array)
                0x0000000000002a1c                __preinit_array_end = .
                0x0000000000002a1c                . = ALIGN (0x4)
                0x0000000000002a1c                __init_array_start = .
 *(SORT(.init_array.*))
 *(.init_array)
 .init_array    0x0000000000002a1c        0x4 /usr/lib/gcc/arm-psoc-eabi/5.5.0/thumb/crtbegin.o
 .init_array    0x0000000000002a20        0x4 lib/bootloader.a(Cm3Start.o)
                0x0000000000002a24                __init_array_end = .
                0x0000000000002a24                . = ALIGN (0x4)
 *(.fini)
 .fini          0x0000000000002a24        0x4 /usr/lib/gcc/arm-psoc-eabi/5.5.0/thumb/crti.o
                0x0000000000002a24                _fini
 .fini          0x0000000000002a28        0x8 /usr/lib/gcc/arm-psoc-eabi/5.5.0/thumb/crtn.o
                0x0000000000002a30                . = ALIGN (0x4)
                0x0000000000002a30                __fini_array_start = .
 *(.fini_array)
 .fini_array    0x0000000000002a30        0x4 /usr/lib/gcc/arm-psoc-eabi/5.5.0/thumb/crtbegin.o
 *(SORT(.fini_array.*))
                0x0000000000002a34                __fini_array_end = .
                0x0000000000002a34                . = ALIGN (0x4)
 *crtbegin.o(.ctors)
 *(EXCLUDE_FILE(*crtend.o) .ctors)
 *(SORT(.ctors.*))
 *crtend.o(.ctors)
                0x0000000000002a34                . = ALIGN (0x4)
 *crtbegin.o(.dtors)
 *(EXCLUDE_FILE(*crtend.o) .dtors)
 *(SORT(.dtors.*))
 *crtend.o(.dtors)
                0x0000000000002a34                . = ALIGN (0x4)
                0x0000000000002a34                __cy_regions = .
                0x0000000000002a34        0x4 LONG 0x2a48 __cy_region_init_ram
                0x0000000000002a38        0x4 LONG 0x1fff80c8 __cy_region_start_data
                0x0000000000002a3c        0x4 LONG 0x80 __cy_region_init_size_ram
                0x0000000000002a40        0x4 LONG 0x168 __cy_region_zero_size_ram
                0x0000000000002a44                __cy_regions_end = .
                0x0000000000002a48                . = ALIGN (0x8)
 *fill*         0x0000000000002a44        0x4 
                0x0000000000002a48                _etext = .

.cy_checksum_exclude
                0x0000000000002a48        0x0
 *(.cy_checksum_exclude)

.ramvectors     0x000000001fff8000       0xc0
                0x000000001fff8000                __cy_region_start_ram = .
 *(.ramvectors)
 .ramvectors    0x000000001fff8000       0xc0 lib/bootloader.a(Cm3Start.o)
                0x000000001fff8000                CyRamVectors

.noinit         0x000000001fff80c0        0x1
 *(.noinit)
 .noinit        0x000000001fff80c0        0x1 lib/bootloader.a(CyLib.o)
                0x000000001fff80c0                CyResetStatus

.data           0x000000001fff80c8       0x80 load address 0x0000000000002a48
                0x000000001fff80c8                __cy_region_start_data = .
 *(.jcr)
 .jcr           0x000000001fff80c8        0x0 /usr/lib/gcc/arm-psoc-eabi/5.5.0/thumb/crtbegin.o
 .jcr           0x000000001fff80c8        0x4 /usr/lib/gcc/arm-psoc-eabi/5.5.0/thumb/crtend.o
 *(.got.plt)
 *(.got)
 *(.shdata)
 *(.data .data.* .gnu.linkonce.d.*)
 .data          0x000000001fff80cc        0x8 lib/bootloader.a(Bootloader.o)
                0x000000001fff80cc                Bootloader_SizeBytesAccess
                0x000000001fff80d0                Bootloader_ChecksumAccess
 .data          0x000000001fff80d4       0x10 lib/bootloader.a(CyLib.o)
                0x000000001fff80d4                cydelay_32k_ms
                0x000000001fff80d8                cydelay_freq_khz
                0x000000001fff80dc                cydelay_freq_mhz
                0x000000001fff80e0                cydelay_freq_hz
 .data.impure_data
                0x000000001fff80e4       0x60 /usr/lib/gcc/arm-psoc-eabi/5.5.0/../../../../arm-psoc-eabi/lib/thumb/libg_nano.a(lib_a-impure.o)
 .data._impure_ptr
                0x000000001fff8144        0x4 /usr/lib/gcc/arm-psoc-eabi/5.5.0/../../../../arm-psoc-eabi/lib/thumb/libg_nano.a(lib_a-impure.o)
                0x000000001fff8144                _impure_ptr
                0x000000001fff8148                . = ALIGN (0x8)
 *(.ram)
                0x000000001fff8148                _edata = .

.tm_clone_table
                0x000000001fff8148        0x0 load address 0x0000000000002ac8
 .tm_clone_table
                0x000000001fff8148        0x0 /usr/lib/gcc/arm-psoc-eabi/5.5.0/thumb/crtbegin.o
 .tm_clone_table
                0x000000001fff8148        0x0 /usr/lib/gcc/arm-psoc-eabi/5.5.0/thumb/crtend.o

.igot.plt       0x000000001fff8148        0x0 load address 0x0000000000002ac8
 .igot.plt      0x000000001fff8148        0x0 /usr/lib/gcc/arm-psoc-eabi/5.5.0/thumb/crtbegin.o

.bss            0x000000001fff8148      0x168 load address 0x0000000000002ac8
                0x000000001fff8148                PROVIDE (__bss_start__, .)
 *(.shbss)
 *(.bss .bss.* .gnu.linkonce.b.*)
 .bss           0x000000001fff8148       0x1c /usr/lib/gcc/arm-psoc-eabi/5.5.0/thumb/crtbegin.o
 .bss           0x000000001fff8164        0x4 lib/bootloader.a(Bootloader.o)
 .bss           0x000000001fff8168        0x8 lib/bootloader.a(CySpc.o)
                0x000000001fff8168                SpcLockState
 .bss           0x000000001fff8170        0x1 lib/bootloader.a(USBFS_boot.o)
 .bss           0x000000001fff8171        0x1 lib/bootloader.a(USBFS.o)
                0x000000001fff8171                USBFS_initVar
 *fill*         0x000000001fff8172        0x2 
 .bss           0x000000001fff8174        0x2 lib/bootloader.a(USBFS_std.o)
 *(COMMON)
 *fill*         0x000000001fff8176        0x2 
 COMMON         0x000000001fff8178        0x2 lib/bootloader.a(CyFlash.o)
                0x000000001fff8178                dieTemperature
 *fill*         0x000000001fff817a        0x2 
 COMMON         0x000000001fff817c        0x9 lib/bootloader.a(USBFS_hid.o)
                0x000000001fff817c                USBFS_hidIdleRate
                0x000000001fff8180                USBFS_hidIdleTimer
                0x000000001fff8184                USBFS_hidProtocol
 *fill*         0x000000001fff8185        0x3 
 COMMON         0x000000001fff8188       0x98 lib/bootloader.a(USBFS_drv.o)
                0x000000001fff8188                USBFS_deviceAddress
                0x000000001fff8189                USBFS_ep0Mode
                0x000000001fff818c                USBFS_interfaceSetting
                0x000000001fff8190                USBFS_currentTD
                0x000000001fff819c                USBFS_device
                0x000000001fff819d                USBFS_interfaceNumber
                0x000000001fff819e                USBFS_ep0Toggle
                0x000000001fff819f                USBFS_deviceStatus
                0x000000001fff81a0                USBFS_configurationChanged
                0x000000001fff81a1                USBFS_configuration
                0x000000001fff81a2                USBFS_transferState
                0x000000001fff81a4                USBFS_interfaceStatus
                0x000000001fff81a8                USBFS_interfaceClass
                0x000000001fff81ac                USBFS_EP
                0x000000001fff8218                USBFS_lastPacketSize
                0x000000001fff8219                USBFS_ep0Count
                0x000000001fff821c                USBFS_interfaceSettingLast
                0x000000001fff821e                USBFS_transferByteCount
 COMMON         0x000000001fff8220       0x90 lib/bootloader.a(USBFS_descr.o)
                0x000000001fff8220                USBFS_DEVICE0_CONFIGURATION0_INTERFACE0_ALTERNATE0_HID_IN_RPT_SCB
                0x000000001fff8224                USBFS_DEVICE0_CONFIGURATION0_INTERFACE0_ALTERNATE0_HID_IN_BUF
                0x000000001fff8268                USBFS_DEVICE0_CONFIGURATION0_INTERFACE0_ALTERNATE0_HID_OUT_BUF
                0x000000001fff82ac                USBFS_DEVICE0_CONFIGURATION0_INTERFACE0_ALTERNATE0_HID_OUT_RPT_SCB
                0x000000001fff82b0                . = ALIGN (0x8)
 *(.ram.b)
                0x000000001fff82b0                _end = .
                0x000000001fff82b0                __end = .
                0x000000001fff82b0                PROVIDE (end, .)
                0x000000001fff82b0                PROVIDE (__bss_end__, .)
                0x0000000000002a48                __cy_region_init_ram = LOADADDR (.data)
                0x0000000000000080                __cy_region_init_size_ram = (_edata - ADDR (.data))
                0x0000000000000168                __cy_region_zero_size_ram = (_end - _edata)

.heap           0x000000001fff82b0       0x80 load address 0x0000000000002ac8
                0x000000001fff82b0                . = _end
                0x000000001fff8330                . = (. + 0x80)
 *fill*         0x000000001fff82b0       0x80 
                0x000000001fff8330                __cy_heap_limit = .

.stack          0x0000000020007800      0x800
                0x0000000020007800                __cy_stack_limit = .
                0x0000000020008000                . = (. + 0x800)
 *fill*         0x0000000020007800      0x800 
                0x0000000000000001                ASSERT ((__cy_stack_limit >= __cy_heap_limit), region RAM overflowed with stack)
                0x0000000000000000                cy_checksum_exclude_size = (CY_APPL_LOADABLE == 0x1)?SIZEOF (.cy_checksum_exclude):0x0
                0x0000000000000001                ASSERT ((cy_checksum_exclude_size <= CY_CHECKSUM_EXCLUDE_SIZE), CY_BOOT: Section .cy_checksum_exclude size exceedes specified limit.)

.cyloadermeta   0x000000000003ffc0       0x40
 *(.cyloadermeta)
 .cyloadermeta  0x000000000003ffc0       0x40 lib/bootloader.a(cymetadata.o)
                0x000000000003ffc0                cy_meta_loader

.cyloadablemeta
 *(.cyloadablemeta)

.cyconfigecc    0x0000000080000000        0x1
 *(.cyconfigecc)
 .cyconfigecc   0x0000000080000000        0x1 lib/bootloader.a(cymetadata.o)
                0x0000000080000000                cy_meta_configecc

.cycustnvl      0x0000000090000000        0x4
 *(.cycustnvl)
 .cycustnvl     0x0000000090000000        0x4 lib/bootloader.a(cymetadata.o)
                0x0000000090000000                cy_meta_custnvl

.cywolatch      0x0000000090100000        0x4
 *(.cywolatch)
 .cywolatch     0x0000000090100000        0x4 lib/bootloader.a(cymetadata.o)
                0x0000000090100000                cy_meta_wonvl

.cyeeprom       0x0000000090200000        0x0
 *(.cyeeprom)
                0x0000000000000001                ASSERT ((. <= ((0x90200000 + ee_offset) + ee_size)), .cyeeprom data will not fit in EEPROM)

.cyflashprotect
                0x0000000090400000      0x100
 *(.cyflashprotect)
 .cyflashprotect
                0x0000000090400000      0x100 lib/bootloader.a(cymetadata.o)
                0x0000000090400000                cy_meta_flashprotect

.cymeta         0x0000000090500000        0xc
 *(.cymeta)
 .cymeta        0x0000000090500000        0xc lib/bootloader.a(cymetadata.o)
                0x0000000090500000                cy_metadata

.rel.dyn        0x0000000000002ac8        0x0 load address 0x000000009050000c
 .rel.iplt      0x0000000000002ac8        0x0 /usr/lib/gcc/arm-psoc-eabi/5.5.0/thumb/crtbegin.o

.stab
 *(.stab)

.stabstr
 *(.stabstr)

.debug
 *(.debug)

.line
 *(.line)

.debug_srcinfo
 *(.debug_srcinfo)

.debug_sfnames
 *(.debug_sfnames)

.debug_aranges  0x0000000000000000      0x938
 *(.debug_aranges)
 .debug_aranges
                0x0000000000000000       0x18 lib/bootloader.a(cymetadata.o)
 .debug_aranges
                0x0000000000000018       0x48 lib/bootloader.a(Cm3Start.o)
 .debug_aranges
                0x0000000000000060       0x88 lib/bootloader.a(Bootloader.o)
 .debug_aranges
                0x00000000000000e8       0x58 lib/bootloader.a(cyfitter_cfg.o)
 .debug_aranges
                0x0000000000000140      0x2a0 lib/bootloader.a(CyLib.o)
 .debug_aranges
                0x00000000000003e0       0x88 lib/bootloader.a(CyFlash.o)
 .debug_aranges
                0x0000000000000468       0x98 lib/bootloader.a(cyPm.o)
 .debug_aranges
                0x0000000000000500       0x80 lib/bootloader.a(CySpc.o)
 .debug_aranges
                0x0000000000000580       0x40 lib/bootloader.a(USBFS_boot.o)
 .debug_aranges
                0x00000000000005c0       0xc8 lib/bootloader.a(USBFS.o)
 .debug_aranges
                0x0000000000000688       0x48 lib/bootloader.a(USBFS_Dp.o)
 .debug_aranges
                0x00000000000006d0       0x48 lib/bootloader.a(USBFS_hid.o)
 .debug_aranges
                0x0000000000000718       0x20 lib/bootloader.a(CyBootAsmGnu.o)
 .debug_aranges
                0x0000000000000738       0x40 lib/bootloader.a(USBFS_pm.o)
 .debug_aranges
                0x0000000000000778       0x98 lib/bootloader.a(USBFS_drv.o)
 .debug_aranges
                0x0000000000000810       0x38 lib/bootloader.a(USBFS_episr.o)
 .debug_aranges
                0x0000000000000848       0x20 lib/bootloader.a(USBFS_cls.o)
 .debug_aranges
                0x0000000000000868       0x78 lib/bootloader.a(USBFS_std.o)
 .debug_aranges
                0x00000000000008e0       0x20 lib/bootloader.a(USBFS_vnd.o)
 .debug_aranges
                0x0000000000000900       0x18 lib/bootloader.a(USBFS_descr.o)
 .debug_aranges
                0x0000000000000918       0x20 main.o

.debug_pubnames
 *(.debug_pubnames)

.debug_info     0x0000000000000000     0x726e
 *(.debug_info .gnu.linkonce.wi.*)
 .debug_info    0x0000000000000000      0x15a lib/bootloader.a(cymetadata.o)
 .debug_info    0x000000000000015a      0x3cf lib/bootloader.a(Cm3Start.o)
 .debug_info    0x0000000000000529      0xd71 lib/bootloader.a(Bootloader.o)
 .debug_info    0x000000000000129a      0x4e0 lib/bootloader.a(cyfitter_cfg.o)
 .debug_info    0x000000000000177a     0x1374 lib/bootloader.a(CyLib.o)
 .debug_info    0x0000000000002aee      0x64d lib/bootloader.a(CyFlash.o)
 .debug_info    0x000000000000313b      0xa2a lib/bootloader.a(cyPm.o)
 .debug_info    0x0000000000003b65      0x550 lib/bootloader.a(CySpc.o)
 .debug_info    0x00000000000040b5      0x392 lib/bootloader.a(USBFS_boot.o)
 .debug_info    0x0000000000004447      0x99a lib/bootloader.a(USBFS.o)
 .debug_info    0x0000000000004de1      0x174 lib/bootloader.a(USBFS_Dp.o)
 .debug_info    0x0000000000004f55      0x43b lib/bootloader.a(USBFS_hid.o)
 .debug_info    0x0000000000005390       0x78 lib/bootloader.a(CyBootAsmGnu.o)
 .debug_info    0x0000000000005408      0x2e4 lib/bootloader.a(USBFS_pm.o)
 .debug_info    0x00000000000056ec      0x655 lib/bootloader.a(USBFS_drv.o)
 .debug_info    0x0000000000005d41      0x243 lib/bootloader.a(USBFS_episr.o)
 .debug_info    0x0000000000005f84      0x1de lib/bootloader.a(USBFS_cls.o)
 .debug_info    0x0000000000006162      0xa3d lib/bootloader.a(USBFS_std.o)
 .debug_info    0x0000000000006b9f      0x1be lib/bootloader.a(USBFS_vnd.o)
 .debug_info    0x0000000000006d5d      0x42d lib/bootloader.a(USBFS_descr.o)
 .debug_info    0x000000000000718a       0xe4 main.o

.debug_abbrev   0x0000000000000000     0x1af6
 *(.debug_abbrev)
 .debug_abbrev  0x0000000000000000       0x5d lib/bootloader.a(cymetadata.o)
 .debug_abbrev  0x000000000000005d      0x1e8 lib/bootloader.a(Cm3Start.o)
 .debug_abbrev  0x0000000000000245      0x20a lib/bootloader.a(Bootloader.o)
 .debug_abbrev  0x000000000000044f      0x1c1 lib/bootloader.a(cyfitter_cfg.o)
 .debug_abbrev  0x0000000000000610      0x254 lib/bootloader.a(CyLib.o)
 .debug_abbrev  0x0000000000000864      0x1a7 lib/bootloader.a(CyFlash.o)
 .debug_abbrev  0x0000000000000a0b      0x1ab lib/bootloader.a(cyPm.o)
 .debug_abbrev  0x0000000000000bb6      0x194 lib/bootloader.a(CySpc.o)
 .debug_abbrev  0x0000000000000d4a       0xfb lib/bootloader.a(USBFS_boot.o)
 .debug_abbrev  0x0000000000000e45      0x215 lib/bootloader.a(USBFS.o)
 .debug_abbrev  0x000000000000105a       0x90 lib/bootloader.a(USBFS_Dp.o)
 .debug_abbrev  0x00000000000010ea      0x16d lib/bootloader.a(USBFS_hid.o)
 .debug_abbrev  0x0000000000001257       0x14 lib/bootloader.a(CyBootAsmGnu.o)
 .debug_abbrev  0x000000000000126b      0x108 lib/bootloader.a(USBFS_pm.o)
 .debug_abbrev  0x0000000000001373      0x189 lib/bootloader.a(USBFS_drv.o)
 .debug_abbrev  0x00000000000014fc      0x11b lib/bootloader.a(USBFS_episr.o)
 .debug_abbrev  0x0000000000001617       0xe1 lib/bootloader.a(USBFS_cls.o)
 .debug_abbrev  0x00000000000016f8      0x1d8 lib/bootloader.a(USBFS_std.o)
 .debug_abbrev  0x00000000000018d0       0xe1 lib/bootloader.a(USBFS_vnd.o)
 .debug_abbrev  0x00000000000019b1       0xbb lib/bootloader.a(USBFS_descr.o)
 .debug_abbrev  0x0000000000001a6c       0x8a main.o

.debug_line     0x0000000000000000     0x27d0
 *(.debug_line)
 .debug_line    0x0000000000000000       0x9a lib/bootloader.a(cymetadata.o)
 .debug_line    0x000000000000009a      0x18e lib/bootloader.a(Cm3Start.o)
 .debug_line    0x0000000000000228      0x559 lib/bootloader.a(Bootloader.o)
 .debug_line    0x0000000000000781      0x149 lib/bootloader.a(cyfitter_cfg.o)
 .debug_line    0x00000000000008ca      0x809 lib/bootloader.a(CyLib.o)
 .debug_line    0x00000000000010d3      0x20d lib/bootloader.a(CyFlash.o)
 .debug_line    0x00000000000012e0      0x35a lib/bootloader.a(cyPm.o)
 .debug_line    0x000000000000163a      0x253 lib/bootloader.a(CySpc.o)
 .debug_line    0x000000000000188d       0xe9 lib/bootloader.a(USBFS_boot.o)
 .debug_line    0x0000000000001976      0x2e3 lib/bootloader.a(USBFS.o)
 .debug_line    0x0000000000001c59       0xac lib/bootloader.a(USBFS_Dp.o)
 .debug_line    0x0000000000001d05      0x13c lib/bootloader.a(USBFS_hid.o)
 .debug_line    0x0000000000001e41       0x59 lib/bootloader.a(CyBootAsmGnu.o)
 .debug_line    0x0000000000001e9a       0xf9 lib/bootloader.a(USBFS_pm.o)
 .debug_line    0x0000000000001f93      0x20e lib/bootloader.a(USBFS_drv.o)
 .debug_line    0x00000000000021a1       0xb8 lib/bootloader.a(USBFS_episr.o)
 .debug_line    0x0000000000002259       0x7d lib/bootloader.a(USBFS_cls.o)
 .debug_line    0x00000000000022d6      0x370 lib/bootloader.a(USBFS_std.o)
 .debug_line    0x0000000000002646       0x78 lib/bootloader.a(USBFS_vnd.o)
 .debug_line    0x00000000000026be       0x50 lib/bootloader.a(USBFS_descr.o)
 .debug_line    0x000000000000270e       0xc2 main.o

.debug_frame    0x0000000000000000     0x1544
 *(.debug_frame)
 .debug_frame   0x0000000000000000       0xa0 lib/bootloader.a(Cm3Start.o)
 .debug_frame   0x00000000000000a0      0x194 lib/bootloader.a(Bootloader.o)
 .debug_frame   0x0000000000000234       0xc8 lib/bootloader.a(cyfitter_cfg.o)
 .debug_frame   0x00000000000002fc      0x698 lib/bootloader.a(CyLib.o)
 .debug_frame   0x0000000000000994      0x160 lib/bootloader.a(CyFlash.o)
 .debug_frame   0x0000000000000af4      0x1b8 lib/bootloader.a(cyPm.o)
 .debug_frame   0x0000000000000cac      0x154 lib/bootloader.a(CySpc.o)
 .debug_frame   0x0000000000000e00       0x94 lib/bootloader.a(USBFS_boot.o)
 .debug_frame   0x0000000000000e94      0x1bc lib/bootloader.a(USBFS.o)
 .debug_frame   0x0000000000001050       0x70 lib/bootloader.a(USBFS_Dp.o)
 .debug_frame   0x00000000000010c0       0x90 lib/bootloader.a(USBFS_hid.o)
 .debug_frame   0x0000000000001150       0x8c lib/bootloader.a(USBFS_pm.o)
 .debug_frame   0x00000000000011dc      0x16c lib/bootloader.a(USBFS_drv.o)
 .debug_frame   0x0000000000001348       0x58 lib/bootloader.a(USBFS_episr.o)
 .debug_frame   0x00000000000013a0       0x28 lib/bootloader.a(USBFS_cls.o)
 .debug_frame   0x00000000000013c8      0x12c lib/bootloader.a(USBFS_std.o)
 .debug_frame   0x00000000000014f4       0x28 lib/bootloader.a(USBFS_vnd.o)
 .debug_frame   0x000000000000151c       0x28 main.o

.debug_str      0x0000000000000000     0x2662
 *(.debug_str)
 .debug_str     0x0000000000000000      0x164 lib/bootloader.a(cymetadata.o)
                                        0x1a0 (size before relaxing)
 .debug_str     0x0000000000000164      0x18e lib/bootloader.a(Cm3Start.o)
                                        0x2cb (size before relaxing)
 .debug_str     0x00000000000002f2      0x53a lib/bootloader.a(Bootloader.o)
                                        0x6b8 (size before relaxing)
 .debug_str     0x000000000000082c      0x123 lib/bootloader.a(cyfitter_cfg.o)
                                        0x2c5 (size before relaxing)
 .debug_str     0x000000000000094f      0x837 lib/bootloader.a(CyLib.o)
                                        0x9f4 (size before relaxing)
 .debug_str     0x0000000000001186      0x16e lib/bootloader.a(CyFlash.o)
                                        0x36d (size before relaxing)
 .debug_str     0x00000000000012f4      0x342 lib/bootloader.a(cyPm.o)
                                        0x6e0 (size before relaxing)
 .debug_str     0x0000000000001636       0x9f lib/bootloader.a(CySpc.o)
                                        0x2e5 (size before relaxing)
 .debug_str     0x00000000000016d5       0xdb lib/bootloader.a(USBFS_boot.o)
                                        0x2a1 (size before relaxing)
 .debug_str     0x00000000000017b0      0x36a lib/bootloader.a(USBFS.o)
                                        0x5d9 (size before relaxing)
 .debug_str     0x0000000000001b1a       0x8b lib/bootloader.a(USBFS_Dp.o)
                                        0x1e0 (size before relaxing)
 .debug_str     0x0000000000001ba5      0x1d2 lib/bootloader.a(USBFS_hid.o)
                                        0x385 (size before relaxing)
 .debug_str     0x0000000000001d77       0xb1 lib/bootloader.a(USBFS_pm.o)
                                        0x285 (size before relaxing)
 .debug_str     0x0000000000001e28      0x254 lib/bootloader.a(USBFS_drv.o)
                                        0x5a1 (size before relaxing)
 .debug_str     0x000000000000207c       0x58 lib/bootloader.a(USBFS_episr.o)
                                        0x267 (size before relaxing)
 .debug_str     0x00000000000020d4       0x16 lib/bootloader.a(USBFS_cls.o)
                                        0x24b (size before relaxing)
 .debug_str     0x00000000000020ea      0x226 lib/bootloader.a(USBFS_std.o)
                                        0x6c0 (size before relaxing)
 .debug_str     0x0000000000002310       0x35 lib/bootloader.a(USBFS_vnd.o)
                                        0x22c (size before relaxing)
 .debug_str     0x0000000000002345      0x2e0 lib/bootloader.a(USBFS_descr.o)
                                        0x55a (size before relaxing)
 .debug_str     0x0000000000002625       0x3d main.o
                                        0x170 (size before relaxing)

.debug_loc      0x0000000000000000     0x3deb
 *(.debug_loc)
 .debug_loc     0x0000000000000000      0x144 lib/bootloader.a(Cm3Start.o)
 .debug_loc     0x0000000000000144      0xecf lib/bootloader.a(Bootloader.o)
 .debug_loc     0x0000000000001013      0x1f1 lib/bootloader.a(cyfitter_cfg.o)
 .debug_loc     0x0000000000001204      0xa11 lib/bootloader.a(CyLib.o)
 .debug_loc     0x0000000000001c15      0x3b2 lib/bootloader.a(CyFlash.o)
 .debug_loc     0x0000000000001fc7      0x1e4 lib/bootloader.a(cyPm.o)
 .debug_loc     0x00000000000021ab      0x705 lib/bootloader.a(CySpc.o)
 .debug_loc     0x00000000000028b0      0x238 lib/bootloader.a(USBFS_boot.o)
 .debug_loc     0x0000000000002ae8      0x435 lib/bootloader.a(USBFS.o)
 .debug_loc     0x0000000000002f1d       0x84 lib/bootloader.a(USBFS_Dp.o)
 .debug_loc     0x0000000000002fa1      0x3a8 lib/bootloader.a(USBFS_hid.o)
 .debug_loc     0x0000000000003349       0x26 lib/bootloader.a(USBFS_pm.o)
 .debug_loc     0x000000000000336f      0x171 lib/bootloader.a(USBFS_drv.o)
 .debug_loc     0x00000000000034e0       0x47 lib/bootloader.a(USBFS_cls.o)
 .debug_loc     0x0000000000003527      0x88e lib/bootloader.a(USBFS_std.o)
 .debug_loc     0x0000000000003db5       0x36 lib/bootloader.a(USBFS_vnd.o)

.debug_macinfo
 *(.debug_macinfo)

.debug_ranges   0x0000000000000000      0x958
 *(.debug_ranges)
 .debug_ranges  0x0000000000000000       0x38 lib/bootloader.a(Cm3Start.o)
 .debug_ranges  0x0000000000000038      0x1f0 lib/bootloader.a(Bootloader.o)
 .debug_ranges  0x0000000000000228       0x48 lib/bootloader.a(cyfitter_cfg.o)
 .debug_ranges  0x0000000000000270      0x290 lib/bootloader.a(CyLib.o)
 .debug_ranges  0x0000000000000500       0x78 lib/bootloader.a(CyFlash.o)
 .debug_ranges  0x0000000000000578       0x88 lib/bootloader.a(cyPm.o)
 .debug_ranges  0x0000000000000600       0x70 lib/bootloader.a(CySpc.o)
 .debug_ranges  0x0000000000000670       0x30 lib/bootloader.a(USBFS_boot.o)
 .debug_ranges  0x00000000000006a0       0xd0 lib/bootloader.a(USBFS.o)
 .debug_ranges  0x0000000000000770       0x38 lib/bootloader.a(USBFS_Dp.o)
 .debug_ranges  0x00000000000007a8       0x38 lib/bootloader.a(USBFS_hid.o)
 .debug_ranges  0x00000000000007e0       0x30 lib/bootloader.a(USBFS_pm.o)
 .debug_ranges  0x0000000000000810       0x88 lib/bootloader.a(USBFS_drv.o)
 .debug_ranges  0x0000000000000898       0x28 lib/bootloader.a(USBFS_episr.o)
 .debug_ranges  0x00000000000008c0       0x10 lib/bootloader.a(USBFS_cls.o)
 .debug_ranges  0x00000000000008d0       0x68 lib/bootloader.a(USBFS_std.o)
 .debug_ranges  0x0000000000000938       0x10 lib/bootloader.a(USBFS_vnd.o)
 .debug_ranges  0x0000000000000948       0x10 main.o

.comment        0x0000000000000000       0x2a
 .comment       0x0000000000000000       0x2a /usr/lib/gcc/arm-psoc-eabi/5.5.0/thumb/crtbegin.o
                                         0x2b (size before relaxing)
 .comment       0x000000000000002a       0x2b lib/bootloader.a(cymetadata.o)
 .comment       0x000000000000002a       0x2b lib/bootloader.a(Cm3Start.o)
 .comment       0x000000000000002a       0x2b lib/bootloader.a(Bootloader.o)
 .comment       0x000000000000002a       0x2b lib/bootloader.a(cyfitter_cfg.o)
 .comment       0x000000000000002a       0x2b lib/bootloader.a(CyLib.o)
 .comment       0x000000000000002a       0x2b lib/bootloader.a(CyFlash.o)
 .comment       0x000000000000002a       0x2b lib/bootloader.a(cyPm.o)
 .comment       0x000000000000002a       0x2b lib/bootloader.a(CySpc.o)
 .comment       0x000000000000002a       0x2b lib/bootloader.a(USBFS_boot.o)
 .comment       0x000000000000002a       0x2b lib/bootloader.a(USBFS.o)
 .comment       0x000000000000002a       0x2b lib/bootloader.a(USBFS_Dp.o)
 .comment       0x000000000000002a       0x2b lib/bootloader.a(USBFS_hid.o)
 .comment       0x000000000000002a       0x2b lib/bootloader.a(USBFS_pm.o)
 .comment       0x000000000000002a       0x2b lib/bootloader.a(USBFS_drv.o)
 .comment       0x000000000000002a       0x2b lib/bootloader.a(USBFS_episr.o)
 .comment       0x000000000000002a       0x2b lib/bootloader.a(USBFS_cls.o)
 .comment       0x000000000000002a       0x2b lib/bootloader.a(USBFS_std.o)
 .comment       0x000000000000002a       0x2b lib/bootloader.a(USBFS_vnd.o)
 .comment       0x000000000000002a       0x2b lib/bootloader.a(USBFS_descr.o)
 .comment       0x000000000000002a       0x2b main.o
 .comment       0x000000000000002a       0x2b /usr/lib/gcc/arm-psoc-eabi/5.5.0/../../../../arm-psoc-eabi/lib/thumb/libg_nano.a(lib_a-atexit.o)
 .comment       0x000000000000002a       0x2b /usr/lib/gcc/arm-psoc-eabi/5.5.0/../../../../arm-psoc-eabi/lib/thumb/libg_nano.a(lib_a-errno.o)
 .comment       0x000000000000002a       0x2b /usr/lib/gcc/arm-psoc-eabi/5.5.0/../../../../arm-psoc-eabi/lib/thumb/libg_nano.a(lib_a-exit.o)
 .comment       0x000000000000002a       0x2b /usr/lib/gcc/arm-psoc-eabi/5.5.0/../../../../arm-psoc-eabi/lib/thumb/libg_nano.a(lib_a-fini.o)
 .comment       0x000000000000002a       0x2b /usr/lib/gcc/arm-psoc-eabi/5.5.0/../../../../arm-psoc-eabi/lib/thumb/libg_nano.a(lib_a-impure.o)
 .comment       0x000000000000002a       0x2b /usr/lib/gcc/arm-psoc-eabi/5.5.0/../../../../arm-psoc-eabi/lib/thumb/libg_nano.a(lib_a-init.o)
 .comment       0x000000000000002a       0x2b /usr/lib/gcc/arm-psoc-eabi/5.5.0/../../../../arm-psoc-eabi/lib/thumb/libg_nano.a(lib_a-memcpy-stub.o)
 .comment       0x000000000000002a       0x2b /usr/lib/gcc/arm-psoc-eabi/5.5.0/../../../../arm-psoc-eabi/lib/thumb/libg_nano.a(lib_a-memset.o)
 .comment       0x000000000000002a       0x2b /usr/lib/gcc/arm-psoc-eabi/5.5.0/../../../../arm-psoc-eabi/lib/thumb/libg_nano.a(lib_a-__atexit.o)
 .comment       0x000000000000002a       0x2b /usr/lib/gcc/arm-psoc-eabi/5.5.0/../../../../arm-psoc-eabi/lib/thumb/libg_nano.a(lib_a-__call_atexit.o)
 .comment       0x000000000000002a       0x2b /usr/lib/gcc/arm-psoc-eabi/5.5.0/thumb/crtend.o

.debug_weaknames
 *(.debug_weaknames)

.debug_funcnames
 *(.debug_funcnames)

.debug_typenames
 *(.debug_typenames)

.debug_varnames
 *(.debug_varnames)

.note.gnu.arm.ident
 *(.note.gnu.arm.ident)

.ARM.attributes
                0x0000000000000000       0x29
 *(.ARM.attributes)
 .ARM.attributes
                0x0000000000000000       0x1d /usr/lib/gcc/arm-psoc-eabi/5.5.0/thumb/crti.o
 .ARM.attributes
                0x000000000000001d       0x2d /usr/lib/gcc/arm-psoc-eabi/5.5.0/thumb/crtbegin.o
 .ARM.attributes
                0x000000000000004a       0x1b /usr/lib/gcc/arm-psoc-eabi/5.5.0/../../../../arm-psoc-eabi/lib/thumb/crt0.o
 .ARM.attributes
                0x0000000000000065       0x33 lib/bootloader.a(cymetadata.o)
 .ARM.attributes
                0x0000000000000098       0x33 lib/bootloader.a(Cm3Start.o)
 .ARM.attributes
                0x00000000000000cb       0x33 lib/bootloader.a(Bootloader.o)
 .ARM.attributes
                0x00000000000000fe       0x33 lib/bootloader.a(cyfitter_cfg.o)
 .ARM.attributes
                0x0000000000000131       0x33 lib/bootloader.a(CyLib.o)
 .ARM.attributes
                0x0000000000000164       0x33 lib/bootloader.a(CyFlash.o)
 .ARM.attributes
                0x0000000000000197       0x33 lib/bootloader.a(cyPm.o)
 .ARM.attributes
                0x00000000000001ca       0x33 lib/bootloader.a(CySpc.o)
 .ARM.attributes
                0x00000000000001fd       0x33 lib/bootloader.a(USBFS_boot.o)
 .ARM.attributes
                0x0000000000000230       0x33 lib/bootloader.a(USBFS.o)
 .ARM.attributes
                0x0000000000000263       0x33 lib/bootloader.a(USBFS_Dp.o)
 .ARM.attributes
                0x0000000000000296       0x33 lib/bootloader.a(USBFS_hid.o)
 .ARM.attributes
                0x00000000000002c9       0x21 lib/bootloader.a(CyBootAsmGnu.o)
 .ARM.attributes
                0x00000000000002ea       0x33 lib/bootloader.a(USBFS_pm.o)
 .ARM.attributes
                0x000000000000031d       0x33 lib/bootloader.a(USBFS_drv.o)
 .ARM.attributes
                0x0000000000000350       0x33 lib/bootloader.a(USBFS_episr.o)
 .ARM.attributes
                0x0000000000000383       0x33 lib/bootloader.a(USBFS_cls.o)
 .ARM.attributes
                0x00000000000003b6       0x33 lib/bootloader.a(USBFS_std.o)
 .ARM.attributes
                0x00000000000003e9       0x33 lib/bootloader.a(USBFS_vnd.o)
 .ARM.attributes
                0x000000000000041c       0x33 lib/bootloader.a(USBFS_descr.o)
 .ARM.attributes
                0x000000000000044f       0x33 main.o
 .ARM.attributes
                0x0000000000000482       0x2d /usr/lib/gcc/arm-psoc-eabi/5.5.0/../../../../arm-psoc-eabi/lib/thumb/libg_nano.a(lib_a-atexit.o)
 .ARM.attributes
                0x00000000000004af       0x2d /usr/lib/gcc/arm-psoc-eabi/5.5.0/../../../../arm-psoc-eabi/lib/thumb/libg_nano.a(lib_a-errno.o)
 .ARM.attributes
                0x00000000000004dc       0x2d /usr/lib/gcc/arm-psoc-eabi/5.5.0/../../../../arm-psoc-eabi/lib/thumb/libg_nano.a(lib_a-exit.o)
 .ARM.attributes
                0x0000000000000509       0x2d /usr/lib/gcc/arm-psoc-eabi/5.5.0/../../../../arm-psoc-eabi/lib/thumb/libg_nano.a(lib_a-fini.o)
 .ARM.attributes
                0x0000000000000536       0x2d /usr/lib/gcc/arm-psoc-eabi/5.5.0/../../../../arm-psoc-eabi/lib/thumb/libg_nano.a(lib_a-impure.o)
 .ARM.attributes
                0x0000000000000563       0x2d /usr/lib/gcc/arm-psoc-eabi/5.5.0/../../../../arm-psoc-eabi/lib/thumb/libg_nano.a(lib_a-init.o)
 .ARM.attributes
                0x0000000000000590       0x2d /usr/lib/gcc/arm-psoc-eabi/5.5.0/../../../../arm-psoc-eabi/lib/thumb/libg_nano.a(lib_a-memcpy-stub.o)
 .ARM.attributes
                0x00000000000005bd       0x2d /usr/lib/gcc/arm-psoc-eabi/5.5.0/../../../../arm-psoc-eabi/lib/thumb/libg_nano.a(lib_a-memset.o)
 .ARM.attributes
                0x00000000000005ea       0x2d /usr/lib/gcc/arm-psoc-eabi/5.5.0/../../../../arm-psoc-eabi/lib/thumb/libg_nano.a(lib_a-__atexit.o)
 .ARM.attributes
                0x0000000000000617       0x2d /usr/lib/gcc/arm-psoc-eabi/5.5.0/../../../../arm-psoc-eabi/lib/thumb/libg_nano.a(lib_a-__call_atexit.o)
 .ARM.attributes
                0x0000000000000644       0x2d /usr/lib/gcc/arm-psoc-eabi/5.5.0/thumb/crtend.o
 .ARM.attributes
                0x0000000000000671       0x1d /usr/lib/gcc/arm-psoc-eabi/5.5.0/thumb/crtn.o

/DISCARD/
 *(.note.GNU-stack)
OUTPUT(bootloader.elf elf32-littlearm)
